This is pdfTeX, Version 3.14159265-2.6-1.40.18 (TeX Live 2017/Arch Linux) (preloaded format=pdflatex 2018.3.7)  16 APR 2018 22:01
entering extended mode
 restricted \write18 enabled.
 %&-line parsing enabled.
**test.tex
(./test.tex
LaTeX2e <2017-04-15>
Babel <3.18> and hyphenation patterns for 84 language(s) loaded.
(/usr/share/texmf-dist/tex/latex/base/article.cls
Document Class: article 2014/09/29 v1.4h Standard LaTeX document class
(/usr/share/texmf-dist/tex/latex/base/size10.clo
File: size10.clo 2014/09/29 v1.4h Standard LaTeX file (size option)
)
\c@part=\count79
\c@section=\count80
\c@subsection=\count81
\c@subsubsection=\count82
\c@paragraph=\count83
\c@subparagraph=\count84
\c@figure=\count85
\c@table=\count86
\abovecaptionskip=\skip41
\belowcaptionskip=\skip42
\bibindent=\dimen102
)
(/usr/share/texmf-dist/tex/latex/fancyhdr/fancyhdr.sty
Package: fancyhdr 2017/06/30 v3.9a Extensive control of page headers and footer
s
\f@nch@headwidth=\skip43
\f@nch@O@elh=\skip44
\f@nch@O@erh=\skip45
\f@nch@O@olh=\skip46
\f@nch@O@orh=\skip47
\f@nch@O@elf=\skip48
\f@nch@O@erf=\skip49
\f@nch@O@olf=\skip50
\f@nch@O@orf=\skip51
)
(/usr/share/texmf-dist/tex/latex/graphics/graphicx.sty
Package: graphicx 2017/06/01 v1.1a Enhanced LaTeX Graphics (DPC,SPQR)

(/usr/share/texmf-dist/tex/latex/graphics/keyval.sty
Package: keyval 2014/10/28 v1.15 key=value parser (DPC)
\KV@toks@=\toks14
)
(/usr/share/texmf-dist/tex/latex/graphics/graphics.sty
Package: graphics 2017/06/25 v1.2c Standard LaTeX Graphics (DPC,SPQR)

(/usr/share/texmf-dist/tex/latex/graphics/trig.sty
Package: trig 2016/01/03 v1.10 sin cos tan (DPC)
)
(/usr/share/texmf-dist/tex/latex/graphics-cfg/graphics.cfg
File: graphics.cfg 2016/06/04 v1.11 sample graphics configuration
)
Package graphics Info: Driver file: pdftex.def on input line 99.

(/usr/share/texmf-dist/tex/latex/graphics-def/pdftex.def
File: pdftex.def 2018/01/08 v1.0l Graphics/color driver for pdftex
))
\Gin@req@height=\dimen103
\Gin@req@width=\dimen104
)
(/usr/share/texmf-dist/tex/latex/wrapfig/wrapfig.sty
\wrapoverhang=\dimen105
\WF@size=\dimen106
\c@WF@wrappedlines=\count87
\WF@box=\box26
\WF@everypar=\toks15
Package: wrapfig 2003/01/31  v 3.6
)
(/usr/share/texmf-dist/tex/latex/tools/multicol.sty
Package: multicol 2017/04/11 v1.8q multicolumn formatting (FMi)
\c@tracingmulticols=\count88
\mult@box=\box27
\multicol@leftmargin=\dimen107
\c@unbalance=\count89
\c@collectmore=\count90
\doublecol@number=\count91
\multicoltolerance=\count92
\multicolpretolerance=\count93
\full@width=\dimen108
\page@free=\dimen109
\premulticols=\dimen110
\postmulticols=\dimen111
\multicolsep=\skip52
\multicolbaselineskip=\skip53
\partial@page=\box28
\last@line=\box29
\maxbalancingoverflow=\dimen112
\mult@rightbox=\box30
\mult@grightbox=\box31
\mult@gfirstbox=\box32
\mult@firstbox=\box33
\@tempa=\box34
\@tempa=\box35
\@tempa=\box36
\@tempa=\box37
\@tempa=\box38
\@tempa=\box39
\@tempa=\box40
\@tempa=\box41
\@tempa=\box42
\@tempa=\box43
\@tempa=\box44
\@tempa=\box45
\@tempa=\box46
\@tempa=\box47
\@tempa=\box48
\@tempa=\box49
\@tempa=\box50
\c@columnbadness=\count94
\c@finalcolumnbadness=\count95
\last@try=\dimen113
\multicolovershoot=\dimen114
\multicolundershoot=\dimen115
\mult@nat@firstbox=\box51
\colbreak@box=\box52
\mc@col@check@num=\count96
)
(/usr/share/texmf-dist/tex/latex/lipsum/lipsum.sty
Package: lipsum 2014/07/27 v1.3 150 paragraphs of Lorem Ipsum dummy text
\c@lips@count=\count97
)
(/usr/share/texmf-dist/tex/latex/pbox/pbox.sty
Package: pbox 2011/12/07 v1.2 Dynamic parboxes

(/usr/share/texmf-dist/tex/latex/tools/calc.sty
Package: calc 2014/10/28 v4.3 Infix arithmetic (KKT,FJ)
\calc@Acount=\count98
\calc@Bcount=\count99
\calc@Adimen=\dimen116
\calc@Bdimen=\dimen117
\calc@Askip=\skip54
\calc@Bskip=\skip55
LaTeX Info: Redefining \setlength on input line 80.
LaTeX Info: Redefining \addtolength on input line 81.
\calc@Ccount=\count100
\calc@Cskip=\skip56
)
(/usr/share/texmf-dist/tex/latex/base/ifthen.sty
Package: ifthen 2014/09/29 v1.1c Standard LaTeX ifthen package (DPC)
)
\pb@xlen=\skip57
)
(/usr/share/texmf-dist/tex/latex/adjustbox/adjustbox.sty
Package: adjustbox 2012/05/21 v1.0 Adjusting TeX boxes (trim, clip, ...)

(/usr/share/texmf-dist/tex/latex/xkeyval/xkeyval.sty
Package: xkeyval 2014/12/03 v2.7a package option processing (HA)

(/usr/share/texmf-dist/tex/generic/xkeyval/xkeyval.tex
(/usr/share/texmf-dist/tex/generic/xkeyval/xkvutils.tex
\XKV@toks=\toks16
\XKV@tempa@toks=\toks17
)
\XKV@depth=\count101
File: xkeyval.tex 2014/12/03 v2.7a key=value parser (HA)
))
(/usr/share/texmf-dist/tex/latex/adjustbox/adjcalc.sty
Package: adjcalc 2012/05/16 v1.1 Provides advanced setlength with multiple back
-ends (calc, etex, pgfmath)
)
(/usr/share/texmf-dist/tex/latex/adjustbox/trimclip.sty
Package: trimclip 2012/05/16 v1.0 Trim and clip general TeX material

(/usr/share/texmf-dist/tex/latex/collectbox/collectbox.sty
Package: collectbox 2012/05/17 v0.4b Collect macro arguments as boxes
\collectedbox=\box53
)
\tc@llx=\dimen118
\tc@lly=\dimen119
\tc@urx=\dimen120
\tc@ury=\dimen121
Package trimclip Info: Using driver 'tc-pdftex.def'.

(/usr/share/texmf-dist/tex/latex/adjustbox/tc-pdftex.def
File: tc-pdftex.def 2012/05/13 v1.0 Clipping driver for pdftex
))
\adjbox@Width=\dimen122
\adjbox@Height=\dimen123
\adjbox@Depth=\dimen124
\adjbox@Totalheight=\dimen125

(/usr/share/texmf-dist/tex/latex/ifoddpage/ifoddpage.sty
Package: ifoddpage 2016/04/23 v1.1 Conditionals for odd/even page detection
\c@checkoddpage=\count102
)
(/usr/share/texmf-dist/tex/latex/varwidth/varwidth.sty
Package: varwidth 2009/03/30 ver 0.92;  Variable-width minipages
\@vwid@box=\box54
\sift@deathcycles=\count103
\@vwid@loff=\dimen126
\@vwid@roff=\dimen127
))
(/usr/share/texmf-dist/tex/latex/geometry/geometry.sty
Package: geometry 2010/09/12 v5.6 Page Geometry

(/usr/share/texmf-dist/tex/generic/oberdiek/ifpdf.sty
Package: ifpdf 2017/03/15 v3.2 Provides the ifpdf switch
)
(/usr/share/texmf-dist/tex/generic/oberdiek/ifvtex.sty
Package: ifvtex 2016/05/16 v1.6 Detect VTeX and its facilities (HO)
Package ifvtex Info: VTeX not detected.
)
(/usr/share/texmf-dist/tex/generic/ifxetex/ifxetex.sty
Package: ifxetex 2010/09/12 v0.6 Provides ifxetex conditional
)
\Gm@cnth=\count104
\Gm@cntv=\count105
\c@Gm@tempcnt=\count106
\Gm@bindingoffset=\dimen128
\Gm@wd@mp=\dimen129
\Gm@odd@mp=\dimen130
\Gm@even@mp=\dimen131
\Gm@layoutwidth=\dimen132
\Gm@layoutheight=\dimen133
\Gm@layouthoffset=\dimen134
\Gm@layoutvoffset=\dimen135
\Gm@dimlist=\toks18
)
(/usr/share/texmf-dist/tex/latex/polski/polski.sty
Package: polski 2017/05/04 v1.3.4 Polish language package

   Switching to Polish text encoding and Polish maths fonts.
(/usr/share/texmf-dist/tex/latex/base/ot4enc.def
File: ot4enc.def 2017/04/05 v2.0i Standard LaTeX file
)
LaTeX Font Info:    Try loading font information for OT4+cmr on input line 360.


(/usr/share/texmf-dist/tex/latex/polski/ot4cmr.fd
File: ot4cmr.fd 2008/02/24 v1.2.1 Font defs for fonts PL (MW)
)
LaTeX Font Info:    Overwriting math alphabet `\mathbf' in version `normal'
(Font)                  OT1/cmr/bx/n --> OT4/cmr/bx/n on input line 360.
LaTeX Font Info:    Overwriting math alphabet `\mathsf' in version `normal'
(Font)                  OT1/cmss/m/n --> OT4/cmss/m/n on input line 360.
LaTeX Font Info:    Overwriting math alphabet `\mathit' in version `normal'
(Font)                  OT1/cmr/m/it --> OT4/cmr/m/it on input line 360.
LaTeX Font Info:    Overwriting math alphabet `\mathtt' in version `normal'
(Font)                  OT1/cmtt/m/n --> OT4/cmtt/m/n on input line 360.
LaTeX Font Info:    Overwriting math alphabet `\mathsf' in version `bold'
(Font)                  OT1/cmss/bx/n --> OT4/cmss/bx/n on input line 360.
LaTeX Font Info:    Overwriting math alphabet `\mathit' in version `bold'
(Font)                  OT1/cmr/bx/it --> OT4/cmr/bx/it on input line 360.
LaTeX Font Info:    Encoding `OT1' has changed to `OT4' for symbol font
(Font)              `operators' in the math version `normal' on input line 360.

LaTeX Font Info:    Overwriting symbol font `operators' in version `normal'
(Font)                  OT1/cmr/m/n --> OT4/cmr/m/n on input line 360.
LaTeX Font Info:    Overwriting symbol font `letters' in version `normal'
(Font)                  OML/cmm/m/it --> OML/plm/m/it on input line 360.
LaTeX Font Info:    Overwriting symbol font `symbols' in version `normal'
(Font)                  OMS/cmsy/m/n --> OMS/plsy/m/n on input line 360.
LaTeX Font Info:    Overwriting symbol font `largesymbols' in version `normal'
(Font)                  OMX/cmex/m/n --> OMX/plex/m/n on input line 360.
LaTeX Font Info:    Encoding `OT1' has changed to `OT4' for symbol font
(Font)              `operators' in the math version `bold' on input line 360.
LaTeX Font Info:    Overwriting symbol font `operators' in version `bold'
(Font)                  OT1/cmr/bx/n --> OT4/cmr/bx/n on input line 360.
LaTeX Font Info:    Overwriting symbol font `letters' in version `bold'
(Font)                  OML/cmm/b/it --> OML/plm/b/it on input line 360.
LaTeX Font Info:    Overwriting symbol font `symbols' in version `bold'
(Font)                  OMS/cmsy/b/n --> OMS/plsy/b/n on input line 360.
)
(/usr/share/texmf-dist/tex/generic/babel/babel.sty
Package: babel 2018/02/14 3.18 The Babel package

(/usr/share/texmf-dist/tex/generic/babel/switch.def
File: switch.def 2018/02/14 3.18 Babel switching mechanism
)
(/usr/share/texmf-dist/tex/generic/babel-polish/polish.ldf
Language: polish 2005/03/31 v1.2l Polish support from the babel system

(/usr/share/texmf-dist/tex/generic/babel/babel.def
File: babel.def 2018/02/14 3.18 Babel common definitions
\babel@savecnt=\count107
\U@D=\dimen136

(/usr/share/texmf-dist/tex/generic/babel/txtbabel.def)
\bbl@dirlevel=\count108
)
Package babel Info: Making " an active character on input line 83.
\pl@left=\dimen137
\pl@down=\dimen138
\pl@right=\dimen139
\pl@temp=\dimen140
))
(/usr/share/texmf-dist/tex/latex/base/inputenc.sty
Package: inputenc 2015/03/17 v1.2c Input encoding file
\inpenc@prehook=\toks19
\inpenc@posthook=\toks20

(/usr/share/texmf-dist/tex/latex/base/utf8.def
File: utf8.def 2017/01/28 v1.1t UTF-8 support for inputenc
Now handling font encoding OML ...
... no UTF-8 mapping file for font encoding OML
Now handling font encoding T1 ...
... processing UTF-8 mapping file for font encoding T1

(/usr/share/texmf-dist/tex/latex/base/t1enc.dfu
File: t1enc.dfu 2017/01/28 v1.1t UTF-8 support for inputenc
   defining Unicode char U+00A0 (decimal 160)
   defining Unicode char U+00A1 (decimal 161)
   defining Unicode char U+00A3 (decimal 163)
   defining Unicode char U+00AB (decimal 171)
   defining Unicode char U+00AD (decimal 173)
   defining Unicode char U+00BB (decimal 187)
   defining Unicode char U+00BF (decimal 191)
   defining Unicode char U+00C0 (decimal 192)
   defining Unicode char U+00C1 (decimal 193)
   defining Unicode char U+00C2 (decimal 194)
   defining Unicode char U+00C3 (decimal 195)
   defining Unicode char U+00C4 (decimal 196)
   defining Unicode char U+00C5 (decimal 197)
   defining Unicode char U+00C6 (decimal 198)
   defining Unicode char U+00C7 (decimal 199)
   defining Unicode char U+00C8 (decimal 200)
   defining Unicode char U+00C9 (decimal 201)
   defining Unicode char U+00CA (decimal 202)
   defining Unicode char U+00CB (decimal 203)
   defining Unicode char U+00CC (decimal 204)
   defining Unicode char U+00CD (decimal 205)
   defining Unicode char U+00CE (decimal 206)
   defining Unicode char U+00CF (decimal 207)
   defining Unicode char U+00D0 (decimal 208)
   defining Unicode char U+00D1 (decimal 209)
   defining Unicode char U+00D2 (decimal 210)
   defining Unicode char U+00D3 (decimal 211)
   defining Unicode char U+00D4 (decimal 212)
   defining Unicode char U+00D5 (decimal 213)
   defining Unicode char U+00D6 (decimal 214)
   defining Unicode char U+00D8 (decimal 216)
   defining Unicode char U+00D9 (decimal 217)
   defining Unicode char U+00DA (decimal 218)
   defining Unicode char U+00DB (decimal 219)
   defining Unicode char U+00DC (decimal 220)
   defining Unicode char U+00DD (decimal 221)
   defining Unicode char U+00DE (decimal 222)
   defining Unicode char U+00DF (decimal 223)
   defining Unicode char U+00E0 (decimal 224)
   defining Unicode char U+00E1 (decimal 225)
   defining Unicode char U+00E2 (decimal 226)
   defining Unicode char U+00E3 (decimal 227)
   defining Unicode char U+00E4 (decimal 228)
   defining Unicode char U+00E5 (decimal 229)
   defining Unicode char U+00E6 (decimal 230)
   defining Unicode char U+00E7 (decimal 231)
   defining Unicode char U+00E8 (decimal 232)
   defining Unicode char U+00E9 (decimal 233)
   defining Unicode char U+00EA (decimal 234)
   defining Unicode char U+00EB (decimal 235)
   defining Unicode char U+00EC (decimal 236)
   defining Unicode char U+00ED (decimal 237)
   defining Unicode char U+00EE (decimal 238)
   defining Unicode char U+00EF (decimal 239)
   defining Unicode char U+00F0 (decimal 240)
   defining Unicode char U+00F1 (decimal 241)
   defining Unicode char U+00F2 (decimal 242)
   defining Unicode char U+00F3 (decimal 243)
   defining Unicode char U+00F4 (decimal 244)
   defining Unicode char U+00F5 (decimal 245)
   defining Unicode char U+00F6 (decimal 246)
   defining Unicode char U+00F8 (decimal 248)
   defining Unicode char U+00F9 (decimal 249)
   defining Unicode char U+00FA (decimal 250)
   defining Unicode char U+00FB (decimal 251)
   defining Unicode char U+00FC (decimal 252)
   defining Unicode char U+00FD (decimal 253)
   defining Unicode char U+00FE (decimal 254)
   defining Unicode char U+00FF (decimal 255)
   defining Unicode char U+0100 (decimal 256)
   defining Unicode char U+0101 (decimal 257)
   defining Unicode char U+0102 (decimal 258)
   defining Unicode char U+0103 (decimal 259)
   defining Unicode char U+0104 (decimal 260)
   defining Unicode char U+0105 (decimal 261)
   defining Unicode char U+0106 (decimal 262)
   defining Unicode char U+0107 (decimal 263)
   defining Unicode char U+0108 (decimal 264)
   defining Unicode char U+0109 (decimal 265)
   defining Unicode char U+010A (decimal 266)
   defining Unicode char U+010B (decimal 267)
   defining Unicode char U+010C (decimal 268)
   defining Unicode char U+010D (decimal 269)
   defining Unicode char U+010E (decimal 270)
   defining Unicode char U+010F (decimal 271)
   defining Unicode char U+0110 (decimal 272)
   defining Unicode char U+0111 (decimal 273)
   defining Unicode char U+0112 (decimal 274)
   defining Unicode char U+0113 (decimal 275)
   defining Unicode char U+0114 (decimal 276)
   defining Unicode char U+0115 (decimal 277)
   defining Unicode char U+0116 (decimal 278)
   defining Unicode char U+0117 (decimal 279)
   defining Unicode char U+0118 (decimal 280)
   defining Unicode char U+0119 (decimal 281)
   defining Unicode char U+011A (decimal 282)
   defining Unicode char U+011B (decimal 283)
   defining Unicode char U+011C (decimal 284)
   defining Unicode char U+011D (decimal 285)
   defining Unicode char U+011E (decimal 286)
   defining Unicode char U+011F (decimal 287)
   defining Unicode char U+0120 (decimal 288)
   defining Unicode char U+0121 (decimal 289)
   defining Unicode char U+0122 (decimal 290)
   defining Unicode char U+0123 (decimal 291)
   defining Unicode char U+0124 (decimal 292)
   defining Unicode char U+0125 (decimal 293)
   defining Unicode char U+0128 (decimal 296)
   defining Unicode char U+0129 (decimal 297)
   defining Unicode char U+012A (decimal 298)
   defining Unicode char U+012B (decimal 299)
   defining Unicode char U+012C (decimal 300)
   defining Unicode char U+012D (decimal 301)
   defining Unicode char U+012E (decimal 302)
   defining Unicode char U+012F (decimal 303)
   defining Unicode char U+0130 (decimal 304)
   defining Unicode char U+0131 (decimal 305)
   defining Unicode char U+0132 (decimal 306)
   defining Unicode char U+0133 (decimal 307)
   defining Unicode char U+0134 (decimal 308)
   defining Unicode char U+0135 (decimal 309)
   defining Unicode char U+0136 (decimal 310)
   defining Unicode char U+0137 (decimal 311)
   defining Unicode char U+0139 (decimal 313)
   defining Unicode char U+013A (decimal 314)
   defining Unicode char U+013B (decimal 315)
   defining Unicode char U+013C (decimal 316)
   defining Unicode char U+013D (decimal 317)
   defining Unicode char U+013E (decimal 318)
   defining Unicode char U+0141 (decimal 321)
   defining Unicode char U+0142 (decimal 322)
   defining Unicode char U+0143 (decimal 323)
   defining Unicode char U+0144 (decimal 324)
   defining Unicode char U+0145 (decimal 325)
   defining Unicode char U+0146 (decimal 326)
   defining Unicode char U+0147 (decimal 327)
   defining Unicode char U+0148 (decimal 328)
   defining Unicode char U+014A (decimal 330)
   defining Unicode char U+014B (decimal 331)
   defining Unicode char U+014C (decimal 332)
   defining Unicode char U+014D (decimal 333)
   defining Unicode char U+014E (decimal 334)
   defining Unicode char U+014F (decimal 335)
   defining Unicode char U+0150 (decimal 336)
   defining Unicode char U+0151 (decimal 337)
   defining Unicode char U+0152 (decimal 338)
   defining Unicode char U+0153 (decimal 339)
   defining Unicode char U+0154 (decimal 340)
   defining Unicode char U+0155 (decimal 341)
   defining Unicode char U+0156 (decimal 342)
   defining Unicode char U+0157 (decimal 343)
   defining Unicode char U+0158 (decimal 344)
   defining Unicode char U+0159 (decimal 345)
   defining Unicode char U+015A (decimal 346)
   defining Unicode char U+015B (decimal 347)
   defining Unicode char U+015C (decimal 348)
   defining Unicode char U+015D (decimal 349)
   defining Unicode char U+015E (decimal 350)
   defining Unicode char U+015F (decimal 351)
   defining Unicode char U+0160 (decimal 352)
   defining Unicode char U+0161 (decimal 353)
   defining Unicode char U+0162 (decimal 354)
   defining Unicode char U+0163 (decimal 355)
   defining Unicode char U+0164 (decimal 356)
   defining Unicode char U+0165 (decimal 357)
   defining Unicode char U+0168 (decimal 360)
   defining Unicode char U+0169 (decimal 361)
   defining Unicode char U+016A (decimal 362)
   defining Unicode char U+016B (decimal 363)
   defining Unicode char U+016C (decimal 364)
   defining Unicode char U+016D (decimal 365)
   defining Unicode char U+016E (decimal 366)
   defining Unicode char U+016F (decimal 367)
   defining Unicode char U+0170 (decimal 368)
   defining Unicode char U+0171 (decimal 369)
   defining Unicode char U+0172 (decimal 370)
   defining Unicode char U+0173 (decimal 371)
   defining Unicode char U+0174 (decimal 372)
   defining Unicode char U+0175 (decimal 373)
   defining Unicode char U+0176 (decimal 374)
   defining Unicode char U+0177 (decimal 375)
   defining Unicode char U+0178 (decimal 376)
   defining Unicode char U+0179 (decimal 377)
   defining Unicode char U+017A (decimal 378)
   defining Unicode char U+017B (decimal 379)
   defining Unicode char U+017C (decimal 380)
   defining Unicode char U+017D (decimal 381)
   defining Unicode char U+017E (decimal 382)
   defining Unicode char U+01CD (decimal 461)
   defining Unicode char U+01CE (decimal 462)
   defining Unicode char U+01CF (decimal 463)
   defining Unicode char U+01D0 (decimal 464)
   defining Unicode char U+01D1 (decimal 465)
   defining Unicode char U+01D2 (decimal 466)
   defining Unicode char U+01D3 (decimal 467)
   defining Unicode char U+01D4 (decimal 468)
   defining Unicode char U+01E2 (decimal 482)
   defining Unicode char U+01E3 (decimal 483)
   defining Unicode char U+01E6 (decimal 486)
   defining Unicode char U+01E7 (decimal 487)
   defining Unicode char U+01E8 (decimal 488)
   defining Unicode char U+01E9 (decimal 489)
   defining Unicode char U+01EA (decimal 490)
   defining Unicode char U+01EB (decimal 491)
   defining Unicode char U+01F0 (decimal 496)
   defining Unicode char U+01F4 (decimal 500)
   defining Unicode char U+01F5 (decimal 501)
   defining Unicode char U+0218 (decimal 536)
   defining Unicode char U+0219 (decimal 537)
   defining Unicode char U+021A (decimal 538)
   defining Unicode char U+021B (decimal 539)
   defining Unicode char U+0232 (decimal 562)
   defining Unicode char U+0233 (decimal 563)
   defining Unicode char U+1E02 (decimal 7682)
   defining Unicode char U+1E03 (decimal 7683)
   defining Unicode char U+200C (decimal 8204)
   defining Unicode char U+2010 (decimal 8208)
   defining Unicode char U+2011 (decimal 8209)
   defining Unicode char U+2012 (decimal 8210)
   defining Unicode char U+2013 (decimal 8211)
   defining Unicode char U+2014 (decimal 8212)
   defining Unicode char U+2015 (decimal 8213)
   defining Unicode char U+2018 (decimal 8216)
   defining Unicode char U+2019 (decimal 8217)
   defining Unicode char U+201A (decimal 8218)
   defining Unicode char U+201C (decimal 8220)
   defining Unicode char U+201D (decimal 8221)
   defining Unicode char U+201E (decimal 8222)
   defining Unicode char U+2030 (decimal 8240)
   defining Unicode char U+2031 (decimal 8241)
   defining Unicode char U+2039 (decimal 8249)
   defining Unicode char U+203A (decimal 8250)
   defining Unicode char U+2423 (decimal 9251)
   defining Unicode char U+1E20 (decimal 7712)
   defining Unicode char U+1E21 (decimal 7713)
)
Now handling font encoding OT1 ...
... processing UTF-8 mapping file for font encoding OT1

(/usr/share/texmf-dist/tex/latex/base/ot1enc.dfu
File: ot1enc.dfu 2017/01/28 v1.1t UTF-8 support for inputenc
   defining Unicode char U+00A0 (decimal 160)
   defining Unicode char U+00A1 (decimal 161)
   defining Unicode char U+00A3 (decimal 163)
   defining Unicode char U+00AD (decimal 173)
   defining Unicode char U+00B8 (decimal 184)
   defining Unicode char U+00BF (decimal 191)
   defining Unicode char U+00C5 (decimal 197)
   defining Unicode char U+00C6 (decimal 198)
   defining Unicode char U+00D8 (decimal 216)
   defining Unicode char U+00DF (decimal 223)
   defining Unicode char U+00E6 (decimal 230)
   defining Unicode char U+00EC (decimal 236)
   defining Unicode char U+00ED (decimal 237)
   defining Unicode char U+00EE (decimal 238)
   defining Unicode char U+00EF (decimal 239)
   defining Unicode char U+00F8 (decimal 248)
   defining Unicode char U+0131 (decimal 305)
   defining Unicode char U+0141 (decimal 321)
   defining Unicode char U+0142 (decimal 322)
   defining Unicode char U+0152 (decimal 338)
   defining Unicode char U+0153 (decimal 339)
   defining Unicode char U+0174 (decimal 372)
   defining Unicode char U+0175 (decimal 373)
   defining Unicode char U+0176 (decimal 374)
   defining Unicode char U+0177 (decimal 375)
   defining Unicode char U+0218 (decimal 536)
   defining Unicode char U+0219 (decimal 537)
   defining Unicode char U+021A (decimal 538)
   defining Unicode char U+021B (decimal 539)
   defining Unicode char U+2013 (decimal 8211)
   defining Unicode char U+2014 (decimal 8212)
   defining Unicode char U+2018 (decimal 8216)
   defining Unicode char U+2019 (decimal 8217)
   defining Unicode char U+201C (decimal 8220)
   defining Unicode char U+201D (decimal 8221)
)
Now handling font encoding OMS ...
... processing UTF-8 mapping file for font encoding OMS

(/usr/share/texmf-dist/tex/latex/base/omsenc.dfu
File: omsenc.dfu 2017/01/28 v1.1t UTF-8 support for inputenc
   defining Unicode char U+00A7 (decimal 167)
   defining Unicode char U+00B6 (decimal 182)
   defining Unicode char U+00B7 (decimal 183)
   defining Unicode char U+2020 (decimal 8224)
   defining Unicode char U+2021 (decimal 8225)
   defining Unicode char U+2022 (decimal 8226)
)
Now handling font encoding OMX ...
... no UTF-8 mapping file for font encoding OMX
Now handling font encoding U ...
... no UTF-8 mapping file for font encoding U
Now handling font encoding OT4 ...
... no UTF-8 mapping file for font encoding OT4
   defining Unicode char U+00A9 (decimal 169)
   defining Unicode char U+00AA (decimal 170)
   defining Unicode char U+00AE (decimal 174)
   defining Unicode char U+00BA (decimal 186)
   defining Unicode char U+02C6 (decimal 710)
   defining Unicode char U+02DC (decimal 732)
   defining Unicode char U+200C (decimal 8204)
   defining Unicode char U+2026 (decimal 8230)
   defining Unicode char U+2122 (decimal 8482)
   defining Unicode char U+2423 (decimal 9251)
)) (./test.aux (./insider.aux))
\openout1 = `test.aux'.

LaTeX Font Info:    Checking defaults for OML/cmm/m/it on input line 14.
LaTeX Font Info:    ... okay on input line 14.
LaTeX Font Info:    Checking defaults for T1/cmr/m/n on input line 14.
LaTeX Font Info:    ... okay on input line 14.
LaTeX Font Info:    Checking defaults for OT1/cmr/m/n on input line 14.
LaTeX Font Info:    ... okay on input line 14.
LaTeX Font Info:    Checking defaults for OMS/cmsy/m/n on input line 14.
LaTeX Font Info:    ... okay on input line 14.
LaTeX Font Info:    Checking defaults for OMX/cmex/m/n on input line 14.
LaTeX Font Info:    ... okay on input line 14.
LaTeX Font Info:    Checking defaults for U/cmr/m/n on input line 14.
LaTeX Font Info:    ... okay on input line 14.
LaTeX Font Info:    Checking defaults for OT4/cmr/m/n on input line 14.
LaTeX Font Info:    ... okay on input line 14.
 (/usr/share/texmf-dist/tex/context/base/mkii/supp-pdf.mkii
[Loading MPS to PDF converter (version 2006.09.02).]
\scratchcounter=\count109
\scratchdimen=\dimen141
\scratchbox=\box55
\nofMPsegments=\count110
\nofMParguments=\count111
\everyMPshowfont=\toks21
\MPscratchCnt=\count112
\MPscratchDim=\dimen142
\MPnumerator=\count113
\makeMPintoPDFobject=\count114
\everyMPtoPDFconversion=\toks22
) (/usr/share/texmf-dist/tex/latex/oberdiek/epstopdf-base.sty
Package: epstopdf-base 2016/05/15 v2.6 Base part for package epstopdf

(/usr/share/texmf-dist/tex/generic/oberdiek/infwarerr.sty
Package: infwarerr 2016/05/16 v1.4 Providing info/warning/error messages (HO)
)
(/usr/share/texmf-dist/tex/latex/oberdiek/grfext.sty
Package: grfext 2016/05/16 v1.2 Manage graphics extensions (HO)

(/usr/share/texmf-dist/tex/generic/oberdiek/kvdefinekeys.sty
Package: kvdefinekeys 2016/05/16 v1.4 Define keys (HO)

(/usr/share/texmf-dist/tex/generic/oberdiek/ltxcmds.sty
Package: ltxcmds 2016/05/16 v1.23 LaTeX kernel commands for general use (HO)
)))
(/usr/share/texmf-dist/tex/latex/oberdiek/kvoptions.sty
Package: kvoptions 2016/05/16 v3.12 Key value format for package options (HO)

(/usr/share/texmf-dist/tex/generic/oberdiek/kvsetkeys.sty
Package: kvsetkeys 2016/05/16 v1.17 Key value parser (HO)

(/usr/share/texmf-dist/tex/generic/oberdiek/etexcmds.sty
Package: etexcmds 2016/05/16 v1.6 Avoid name clashes with e-TeX commands (HO)

(/usr/share/texmf-dist/tex/generic/oberdiek/ifluatex.sty
Package: ifluatex 2016/05/16 v1.4 Provides the ifluatex switch (HO)
Package ifluatex Info: LuaTeX not detected.
)
Package etexcmds Info: Could not find \expanded.
(etexcmds)             That can mean that you are not using pdfTeX 1.50 or
(etexcmds)             that some package has redefined \expanded.
(etexcmds)             In the latter case, load this package earlier.
)))
(/usr/share/texmf-dist/tex/generic/oberdiek/pdftexcmds.sty
Package: pdftexcmds 2018/01/21 v0.26 Utility functions of pdfTeX for LuaTeX (HO
)
Package pdftexcmds Info: LuaTeX not detected.
Package pdftexcmds Info: \pdf@primitive is available.
Package pdftexcmds Info: \pdf@ifprimitive is available.
Package pdftexcmds Info: \pdfdraftmode found.
)
Package epstopdf-base Info: Redefining graphics rule for `.eps' on input line 4
38.
Package grfext Info: Graphics extension search list:
(grfext)             [.pdf,.png,.jpg,.mps,.jpeg,.jbig2,.jb2,.PDF,.PNG,.JPG,.JPE
G,.JBIG2,.JB2,.eps]
(grfext)             \AppendGraphicsExtensions on input line 456.

(/usr/share/texmf-dist/tex/latex/latexconfig/epstopdf-sys.cfg
File: epstopdf-sys.cfg 2010/07/13 v1.3 Configuration of (r)epstopdf for TeX Liv
e
))
*geometry* driver: auto-detecting
*geometry* detected driver: pdftex
*geometry* verbose mode - [ preamble ] result:
* driver: pdftex
* paper: <default>
* layout: <same size as paper>
* layoutoffset:(h,v)=(0.0pt,0.0pt)
* modes: 
* h-part:(L,W,R)=(36.135pt, 542.02501pt, 36.135pt)
* v-part:(T,H,B)=(36.135pt, 722.7pt, 36.135pt)
* \paperwidth=614.295pt
* \paperheight=794.96999pt
* \textwidth=542.02501pt
* \textheight=722.7pt
* \oddsidemargin=-36.135pt
* \evensidemargin=-36.135pt
* \topmargin=-73.135pt
* \headheight=12.0pt
* \headsep=25.0pt
* \topskip=10.0pt
* \footskip=30.0pt
* \marginparwidth=65.0pt
* \marginparsep=11.0pt
* \columnsep=10.0pt
* \skip\footins=9.0pt plus 4.0pt minus 2.0pt
* \hoffset=0.0pt
* \voffset=0.0pt
* \mag=1000
* \@twocolumnfalse
* \@twosidefalse
* \@mparswitchfalse
* \@reversemarginfalse
* (1in=72.27pt=25.4mm, 1cm=28.453pt)

\openout2 = `./insider.aux'.

(./insider.tex
LaTeX Font Info:    Try loading font information for OML+plm on input line 6.
 (/usr/share/texmf-dist/tex/latex/polski/omlplm.fd
File: omlplm.fd 2008/02/24 v1.2.1 Font defs for fonts PL (MW)
)
LaTeX Font Info:    Try loading font information for OMS+plsy on input line 6.

(/usr/share/texmf-dist/tex/latex/polski/omsplsy.fd
File: omsplsy.fd 2008/02/24 v1.2.1 Font defs for fonts PL (MW)
)
LaTeX Font Info:    Try loading font information for OMX+plex on input line 6.

(/usr/share/texmf-dist/tex/latex/polski/omxplex.fd
File: omxplex.fd 2008/02/24 v1.2.1 Font defs for fonts PL (MW)
)
LaTeX Font Info:    External font `plex10' loaded for size
(Font)              <10> on input line 6.
LaTeX Font Info:    External font `plex10' loaded for size
(Font)              <7> on input line 6.
LaTeX Font Info:    External font `plex10' loaded for size
(Font)              <5> on input line 6.
</home/dearn/zdjecia/00002.jpg, id=1, 250.9375pt x 229.85875pt>
File: /home/dearn/zdjecia/00002.jpg Graphic file (type jpg)
<use /home/dearn/zdjecia/00002.jpg>
Package pdftex.def Info: /home/dearn/zdjecia/00002.jpg  used on input line 6.
(pdftex.def)             Requested size: 164.37866pt x 150.56305pt.
File: /home/dearn/zdjecia/00002.jpg Graphic file (type jpg)
<use /home/dearn/zdjecia/00002.jpg>
Package pdftex.def Info: /home/dearn/zdjecia/00002.jpg  used on input line 6.
(pdftex.def)             Requested size: 164.37866pt x 150.56305pt.

Underfull \hbox (badness 10000) in paragraph at lines 6--7

 []


Underfull \hbox (badness 10000) in paragraph at lines 6--7

 []

</home/dearn/zdjecia/00054.jpg, id=2, 250.9375pt x 188.705pt>
File: /home/dearn/zdjecia/00054.jpg Graphic file (type jpg)
<use /home/dearn/zdjecia/00054.jpg>
Package pdftex.def Info: /home/dearn/zdjecia/00054.jpg  used on input line 12.
(pdftex.def)             Requested size: 200.21803pt x 150.56305pt.
File: /home/dearn/zdjecia/00054.jpg Graphic file (type jpg)
<use /home/dearn/zdjecia/00054.jpg>
Package pdftex.def Info: /home/dearn/zdjecia/00054.jpg  used on input line 12.
(pdftex.def)             Requested size: 200.21803pt x 150.56305pt.

Underfull \hbox (badness 10000) in paragraph at lines 12--13

 []


Underfull \hbox (badness 10000) in paragraph at lines 12--13

 []

</home/dearn/zdjecia/00058.jpg, id=3, 250.9375pt x 188.705pt>
File: /home/dearn/zdjecia/00058.jpg Graphic file (type jpg)
<use /home/dearn/zdjecia/00058.jpg>
Package pdftex.def Info: /home/dearn/zdjecia/00058.jpg  used on input line 18.
(pdftex.def)             Requested size: 200.21803pt x 150.56305pt.
File: /home/dearn/zdjecia/00058.jpg Graphic file (type jpg)
<use /home/dearn/zdjecia/00058.jpg>
Package pdftex.def Info: /home/dearn/zdjecia/00058.jpg  used on input line 18.
(pdftex.def)             Requested size: 200.21803pt x 150.56305pt.

Underfull \hbox (badness 10000) in paragraph at lines 18--19

 []


Underfull \hbox (badness 10000) in paragraph at lines 18--19

 []

</home/dearn/zdjecia/00106.jpg, id=4, 250.9375pt x 188.705pt>
File: /home/dearn/zdjecia/00106.jpg Graphic file (type jpg)
<use /home/dearn/zdjecia/00106.jpg>
Package pdftex.def Info: /home/dearn/zdjecia/00106.jpg  used on input line 24.
(pdftex.def)             Requested size: 200.21803pt x 150.56305pt.
File: /home/dearn/zdjecia/00106.jpg Graphic file (type jpg)
<use /home/dearn/zdjecia/00106.jpg>
Package pdftex.def Info: /home/dearn/zdjecia/00106.jpg  used on input line 24.
(pdftex.def)             Requested size: 200.21803pt x 150.56305pt.

Underfull \hbox (badness 10000) in paragraph at lines 24--25

 []


Underfull \hbox (badness 10000) in paragraph at lines 24--25

 []

</home/dearn/zdjecia/00107.jpg, id=5, 250.9375pt x 188.705pt>
File: /home/dearn/zdjecia/00107.jpg Graphic file (type jpg)
<use /home/dearn/zdjecia/00107.jpg>
Package pdftex.def Info: /home/dearn/zdjecia/00107.jpg  used on input line 30.
(pdftex.def)             Requested size: 200.21803pt x 150.56305pt.
File: /home/dearn/zdjecia/00107.jpg Graphic file (type jpg)
<use /home/dearn/zdjecia/00107.jpg>
Package pdftex.def Info: /home/dearn/zdjecia/00107.jpg  used on input line 30.
(pdftex.def)             Requested size: 200.21803pt x 150.56305pt.

Underfull \hbox (badness 10000) in paragraph at lines 30--31

 []


Underfull \hbox (badness 10000) in paragraph at lines 30--31

 []

</home/dearn/zdjecia/00108.jpg, id=6, 250.9375pt x 188.705pt>
File: /home/dearn/zdjecia/00108.jpg Graphic file (type jpg)
<use /home/dearn/zdjecia/00108.jpg>
Package pdftex.def Info: /home/dearn/zdjecia/00108.jpg  used on input line 36.
(pdftex.def)             Requested size: 200.21803pt x 150.56305pt.
File: /home/dearn/zdjecia/00108.jpg Graphic file (type jpg)
<use /home/dearn/zdjecia/00108.jpg>
Package pdftex.def Info: /home/dearn/zdjecia/00108.jpg  used on input line 36.
(pdftex.def)             Requested size: 200.21803pt x 150.56305pt.

Underfull \hbox (badness 10000) in paragraph at lines 36--37

 []


Underfull \hbox (badness 10000) in paragraph at lines 36--37

 []

</home/dearn/zdjecia/00112.jpg, id=7, 250.9375pt x 334.24875pt>
File: /home/dearn/zdjecia/00112.jpg Graphic file (type jpg)
<use /home/dearn/zdjecia/00112.jpg>
Package pdftex.def Info: /home/dearn/zdjecia/00112.jpg  used on input line 42.
(pdftex.def)             Requested size: 113.03952pt x 150.56305pt.
File: /home/dearn/zdjecia/00112.jpg Graphic file (type jpg)
<use /home/dearn/zdjecia/00112.jpg>
Package pdftex.def Info: /home/dearn/zdjecia/00112.jpg  used on input line 42.
(pdftex.def)             Requested size: 113.03952pt x 150.56305pt.

Underfull \hbox (badness 10000) in paragraph at lines 42--43

 []


Underfull \hbox (badness 10000) in paragraph at lines 42--43

 []

</home/dearn/zdjecia/00122.jpg, id=8, 250.9375pt x 314.17375pt>
File: /home/dearn/zdjecia/00122.jpg Graphic file (type jpg)
<use /home/dearn/zdjecia/00122.jpg>
Package pdftex.def Info: /home/dearn/zdjecia/00122.jpg  used on input line 48.
(pdftex.def)             Requested size: 120.25717pt x 150.56305pt.
File: /home/dearn/zdjecia/00122.jpg Graphic file (type jpg)
<use /home/dearn/zdjecia/00122.jpg>
Package pdftex.def Info: /home/dearn/zdjecia/00122.jpg  used on input line 48.
(pdftex.def)             Requested size: 120.25717pt x 150.56305pt.

Underfull \hbox (badness 10000) in paragraph at lines 48--49

 []


Underfull \hbox (badness 10000) in paragraph at lines 48--49

 []

<./logo.jpg, id=9, 471.7625pt x 248.93pt>
File: ./logo.jpg Graphic file (type jpg)
<use ./logo.jpg>
Package pdftex.def Info: ./logo.jpg  used on input line 49.
(pdftex.def)             Requested size: 57.06256pt x 30.11261pt.
[1{/var/lib/texmf/fonts/map/pdftex/updmap/pdftex.map}

 <./logo.jpg> </home/dearn/zdjecia/00002.jpg> </home/dearn/zdjecia/00054.jpg> <
/home/dearn/zdjecia/00058.jpg> </home/dearn/zdjecia/00106.jpg> </home/dearn/zdj
ecia/00107.jpg> </home/dearn/zdjecia/00108.jpg>]
</home/dearn/zdjecia/00208.jpg, id=17, 250.9375pt x 188.705pt>
File: /home/dearn/zdjecia/00208.jpg Graphic file (type jpg)
<use /home/dearn/zdjecia/00208.jpg>
Package pdftex.def Info: /home/dearn/zdjecia/00208.jpg  used on input line 54.
(pdftex.def)             Requested size: 200.21803pt x 150.56305pt.
File: /home/dearn/zdjecia/00208.jpg Graphic file (type jpg)
<use /home/dearn/zdjecia/00208.jpg>
Package pdftex.def Info: /home/dearn/zdjecia/00208.jpg  used on input line 54.
(pdftex.def)             Requested size: 200.21803pt x 150.56305pt.

Underfull \hbox (badness 10000) in paragraph at lines 54--55

 []


Underfull \hbox (badness 10000) in paragraph at lines 54--55

 []

</home/dearn/zdjecia/00221.jpg, id=18, 250.9375pt x 188.705pt>
File: /home/dearn/zdjecia/00221.jpg Graphic file (type jpg)
<use /home/dearn/zdjecia/00221.jpg>
Package pdftex.def Info: /home/dearn/zdjecia/00221.jpg  used on input line 60.
(pdftex.def)             Requested size: 200.21803pt x 150.56305pt.
File: /home/dearn/zdjecia/00221.jpg Graphic file (type jpg)
<use /home/dearn/zdjecia/00221.jpg>
Package pdftex.def Info: /home/dearn/zdjecia/00221.jpg  used on input line 60.
(pdftex.def)             Requested size: 200.21803pt x 150.56305pt.

Underfull \hbox (badness 10000) in paragraph at lines 60--61

 []


Underfull \hbox (badness 10000) in paragraph at lines 60--61

 []

</home/dearn/zdjecia/00234.jpg, id=19, 250.9375pt x 334.24875pt>
File: /home/dearn/zdjecia/00234.jpg Graphic file (type jpg)
<use /home/dearn/zdjecia/00234.jpg>
Package pdftex.def Info: /home/dearn/zdjecia/00234.jpg  used on input line 66.
(pdftex.def)             Requested size: 113.03952pt x 150.56305pt.
File: /home/dearn/zdjecia/00234.jpg Graphic file (type jpg)
<use /home/dearn/zdjecia/00234.jpg>
Package pdftex.def Info: /home/dearn/zdjecia/00234.jpg  used on input line 66.
(pdftex.def)             Requested size: 113.03952pt x 150.56305pt.

Underfull \hbox (badness 10000) in paragraph at lines 66--67

 []


Underfull \hbox (badness 10000) in paragraph at lines 66--67

 []

</home/dearn/zdjecia/00257.jpg, id=20, 250.9375pt x 334.24875pt>
File: /home/dearn/zdjecia/00257.jpg Graphic file (type jpg)
<use /home/dearn/zdjecia/00257.jpg>
Package pdftex.def Info: /home/dearn/zdjecia/00257.jpg  used on input line 72.
(pdftex.def)             Requested size: 113.03952pt x 150.56305pt.
File: /home/dearn/zdjecia/00257.jpg Graphic file (type jpg)
<use /home/dearn/zdjecia/00257.jpg>
Package pdftex.def Info: /home/dearn/zdjecia/00257.jpg  used on input line 72.
(pdftex.def)             Requested size: 113.03952pt x 150.56305pt.

Underfull \hbox (badness 10000) in paragraph at lines 72--73

 []


Underfull \hbox (badness 10000) in paragraph at lines 72--73

 []

</home/dearn/zdjecia/00359.jpg, id=21, 250.9375pt x 188.705pt>
File: /home/dearn/zdjecia/00359.jpg Graphic file (type jpg)
<use /home/dearn/zdjecia/00359.jpg>
Package pdftex.def Info: /home/dearn/zdjecia/00359.jpg  used on input line 78.
(pdftex.def)             Requested size: 200.21803pt x 150.56305pt.
File: /home/dearn/zdjecia/00359.jpg Graphic file (type jpg)
<use /home/dearn/zdjecia/00359.jpg>
Package pdftex.def Info: /home/dearn/zdjecia/00359.jpg  used on input line 78.
(pdftex.def)             Requested size: 200.21803pt x 150.56305pt.

Underfull \hbox (badness 10000) in paragraph at lines 78--79

 []


Underfull \hbox (badness 10000) in paragraph at lines 78--79

 []

</home/dearn/zdjecia/00752.jpg, id=22, 250.9375pt x 334.24875pt>
File: /home/dearn/zdjecia/00752.jpg Graphic file (type jpg)
<use /home/dearn/zdjecia/00752.jpg>
Package pdftex.def Info: /home/dearn/zdjecia/00752.jpg  used on input line 84.
(pdftex.def)             Requested size: 113.03952pt x 150.56305pt.
File: /home/dearn/zdjecia/00752.jpg Graphic file (type jpg)
<use /home/dearn/zdjecia/00752.jpg>
Package pdftex.def Info: /home/dearn/zdjecia/00752.jpg  used on input line 84.
(pdftex.def)             Requested size: 113.03952pt x 150.56305pt.

Underfull \hbox (badness 10000) in paragraph at lines 84--85

 []


Underfull \hbox (badness 10000) in paragraph at lines 84--85

 []

File: ./logo.jpg Graphic file (type jpg)
<use ./logo.jpg>
Package pdftex.def Info: ./logo.jpg  used on input line 85.
(pdftex.def)             Requested size: 57.06256pt x 30.11261pt.
[2 </home/dearn/zdjecia/00112.jpg> </home/dearn/zdjecia/00122.jpg> </home/dearn
/zdjecia/00208.jpg> </home/dearn/zdjecia/00221.jpg> </home/dearn/zdjecia/00234.
jpg> </home/dearn/zdjecia/00257.jpg>]
</home/dearn/zdjecia/00845.jpg, id=26, 250.9375pt x 188.705pt>
File: /home/dearn/zdjecia/00845.jpg Graphic file (type jpg)
<use /home/dearn/zdjecia/00845.jpg>
Package pdftex.def Info: /home/dearn/zdjecia/00845.jpg  used on input line 90.
(pdftex.def)             Requested size: 200.21803pt x 150.56305pt.
File: /home/dearn/zdjecia/00845.jpg Graphic file (type jpg)
<use /home/dearn/zdjecia/00845.jpg>
Package pdftex.def Info: /home/dearn/zdjecia/00845.jpg  used on input line 90.
(pdftex.def)             Requested size: 200.21803pt x 150.56305pt.

Underfull \hbox (badness 10000) in paragraph at lines 90--91

 []


Underfull \hbox (badness 10000) in paragraph at lines 90--91

 []

</home/dearn/zdjecia/00855.jpg, id=27, 250.9375pt x 334.24875pt>
File: /home/dearn/zdjecia/00855.jpg Graphic file (type jpg)
<use /home/dearn/zdjecia/00855.jpg>
Package pdftex.def Info: /home/dearn/zdjecia/00855.jpg  used on input line 96.
(pdftex.def)             Requested size: 113.03952pt x 150.56305pt.
File: /home/dearn/zdjecia/00855.jpg Graphic file (type jpg)
<use /home/dearn/zdjecia/00855.jpg>
Package pdftex.def Info: /home/dearn/zdjecia/00855.jpg  used on input line 96.
(pdftex.def)             Requested size: 113.03952pt x 150.56305pt.

Underfull \hbox (badness 10000) in paragraph at lines 96--97

 []


Underfull \hbox (badness 10000) in paragraph at lines 96--97

 []

</home/dearn/zdjecia/00911.jpg, id=28, 250.9375pt x 188.705pt>
File: /home/dearn/zdjecia/00911.jpg Graphic file (type jpg)
<use /home/dearn/zdjecia/00911.jpg>
Package pdftex.def Info: /home/dearn/zdjecia/00911.jpg  used on input line 102.

(pdftex.def)             Requested size: 200.21803pt x 150.56305pt.
File: /home/dearn/zdjecia/00911.jpg Graphic file (type jpg)
<use /home/dearn/zdjecia/00911.jpg>
Package pdftex.def Info: /home/dearn/zdjecia/00911.jpg  used on input line 102.

(pdftex.def)             Requested size: 200.21803pt x 150.56305pt.

Underfull \hbox (badness 10000) in paragraph at lines 102--103

 []


Underfull \hbox (badness 10000) in paragraph at lines 102--103

 []

</home/dearn/zdjecia/01084.jpg, id=29, 250.9375pt x 188.705pt>
File: /home/dearn/zdjecia/01084.jpg Graphic file (type jpg)
<use /home/dearn/zdjecia/01084.jpg>
Package pdftex.def Info: /home/dearn/zdjecia/01084.jpg  used on input line 108.

(pdftex.def)             Requested size: 200.21803pt x 150.56305pt.
File: /home/dearn/zdjecia/01084.jpg Graphic file (type jpg)
<use /home/dearn/zdjecia/01084.jpg>
Package pdftex.def Info: /home/dearn/zdjecia/01084.jpg  used on input line 108.

(pdftex.def)             Requested size: 200.21803pt x 150.56305pt.

Underfull \hbox (badness 10000) in paragraph at lines 108--109

 []


Underfull \hbox (badness 10000) in paragraph at lines 108--109

 []

</home/dearn/zdjecia/01296.jpg, id=30, 250.9375pt x 188.705pt>
File: /home/dearn/zdjecia/01296.jpg Graphic file (type jpg)
<use /home/dearn/zdjecia/01296.jpg>
Package pdftex.def Info: /home/dearn/zdjecia/01296.jpg  used on input line 114.

(pdftex.def)             Requested size: 200.21803pt x 150.56305pt.
File: /home/dearn/zdjecia/01296.jpg Graphic file (type jpg)
<use /home/dearn/zdjecia/01296.jpg>
Package pdftex.def Info: /home/dearn/zdjecia/01296.jpg  used on input line 114.

(pdftex.def)             Requested size: 200.21803pt x 150.56305pt.

Underfull \hbox (badness 10000) in paragraph at lines 114--115

 []


Underfull \hbox (badness 10000) in paragraph at lines 114--115

 []

</home/dearn/zdjecia/01310.jpg, id=31, 250.9375pt x 334.24875pt>
File: /home/dearn/zdjecia/01310.jpg Graphic file (type jpg)
<use /home/dearn/zdjecia/01310.jpg>
Package pdftex.def Info: /home/dearn/zdjecia/01310.jpg  used on input line 120.

(pdftex.def)             Requested size: 113.03952pt x 150.56305pt.
File: /home/dearn/zdjecia/01310.jpg Graphic file (type jpg)
<use /home/dearn/zdjecia/01310.jpg>
Package pdftex.def Info: /home/dearn/zdjecia/01310.jpg  used on input line 120.

(pdftex.def)             Requested size: 113.03952pt x 150.56305pt.

Underfull \hbox (badness 10000) in paragraph at lines 120--121

 []


Underfull \hbox (badness 10000) in paragraph at lines 120--121

 []

File: ./logo.jpg Graphic file (type jpg)
<use ./logo.jpg>
Package pdftex.def Info: ./logo.jpg  used on input line 121.
(pdftex.def)             Requested size: 57.06256pt x 30.11261pt.
[3 </home/dearn/zdjecia/00359.jpg> </home/dearn/zdjecia/00752.jpg> </home/dearn
/zdjecia/00845.jpg> </home/dearn/zdjecia/00855.jpg> </home/dearn/zdjecia/00911.
jpg> </home/dearn/zdjecia/01084.jpg>]
</home/dearn/zdjecia/01365.jpg, id=35, 250.9375pt x 334.24875pt>
File: /home/dearn/zdjecia/01365.jpg Graphic file (type jpg)
<use /home/dearn/zdjecia/01365.jpg>
Package pdftex.def Info: /home/dearn/zdjecia/01365.jpg  used on input line 126.

(pdftex.def)             Requested size: 113.03952pt x 150.56305pt.
File: /home/dearn/zdjecia/01365.jpg Graphic file (type jpg)
<use /home/dearn/zdjecia/01365.jpg>
Package pdftex.def Info: /home/dearn/zdjecia/01365.jpg  used on input line 126.

(pdftex.def)             Requested size: 113.03952pt x 150.56305pt.

Underfull \hbox (badness 10000) in paragraph at lines 126--127

 []


Underfull \hbox (badness 10000) in paragraph at lines 126--127

 []

</home/dearn/zdjecia/01587.jpg, id=36, 250.9375pt x 188.705pt>
File: /home/dearn/zdjecia/01587.jpg Graphic file (type jpg)
<use /home/dearn/zdjecia/01587.jpg>
Package pdftex.def Info: /home/dearn/zdjecia/01587.jpg  used on input line 132.

(pdftex.def)             Requested size: 200.21803pt x 150.56305pt.
File: /home/dearn/zdjecia/01587.jpg Graphic file (type jpg)
<use /home/dearn/zdjecia/01587.jpg>
Package pdftex.def Info: /home/dearn/zdjecia/01587.jpg  used on input line 132.

(pdftex.def)             Requested size: 200.21803pt x 150.56305pt.

Underfull \hbox (badness 10000) in paragraph at lines 132--133

 []


Underfull \hbox (badness 10000) in paragraph at lines 132--133

 []

</home/dearn/zdjecia/01588.jpg, id=37, 250.9375pt x 188.705pt>
File: /home/dearn/zdjecia/01588.jpg Graphic file (type jpg)
<use /home/dearn/zdjecia/01588.jpg>
Package pdftex.def Info: /home/dearn/zdjecia/01588.jpg  used on input line 138.

(pdftex.def)             Requested size: 200.21803pt x 150.56305pt.
File: /home/dearn/zdjecia/01588.jpg Graphic file (type jpg)
<use /home/dearn/zdjecia/01588.jpg>
Package pdftex.def Info: /home/dearn/zdjecia/01588.jpg  used on input line 138.

(pdftex.def)             Requested size: 200.21803pt x 150.56305pt.

Underfull \hbox (badness 10000) in paragraph at lines 138--139

 []


Underfull \hbox (badness 10000) in paragraph at lines 138--139

 []

</home/dearn/zdjecia/01697.jpg, id=38, 250.9375pt x 188.705pt>
File: /home/dearn/zdjecia/01697.jpg Graphic file (type jpg)
<use /home/dearn/zdjecia/01697.jpg>
Package pdftex.def Info: /home/dearn/zdjecia/01697.jpg  used on input line 144.

(pdftex.def)             Requested size: 200.21803pt x 150.56305pt.
File: /home/dearn/zdjecia/01697.jpg Graphic file (type jpg)
<use /home/dearn/zdjecia/01697.jpg>
Package pdftex.def Info: /home/dearn/zdjecia/01697.jpg  used on input line 144.

(pdftex.def)             Requested size: 200.21803pt x 150.56305pt.

Underfull \hbox (badness 10000) in paragraph at lines 144--145

 []


Underfull \hbox (badness 10000) in paragraph at lines 144--145

 []

</home/dearn/zdjecia/01815.jpg, id=39, 250.9375pt x 334.24875pt>
File: /home/dearn/zdjecia/01815.jpg Graphic file (type jpg)
<use /home/dearn/zdjecia/01815.jpg>
Package pdftex.def Info: /home/dearn/zdjecia/01815.jpg  used on input line 150.

(pdftex.def)             Requested size: 113.03952pt x 150.56305pt.
File: /home/dearn/zdjecia/01815.jpg Graphic file (type jpg)
<use /home/dearn/zdjecia/01815.jpg>
Package pdftex.def Info: /home/dearn/zdjecia/01815.jpg  used on input line 150.

(pdftex.def)             Requested size: 113.03952pt x 150.56305pt.

Underfull \hbox (badness 10000) in paragraph at lines 150--151

 []


Underfull \hbox (badness 10000) in paragraph at lines 150--151

 []

</home/dearn/zdjecia/02013.jpg, id=40, 250.9375pt x 334.24875pt>
File: /home/dearn/zdjecia/02013.jpg Graphic file (type jpg)
<use /home/dearn/zdjecia/02013.jpg>
Package pdftex.def Info: /home/dearn/zdjecia/02013.jpg  used on input line 156.

(pdftex.def)             Requested size: 113.03952pt x 150.56305pt.
File: /home/dearn/zdjecia/02013.jpg Graphic file (type jpg)
<use /home/dearn/zdjecia/02013.jpg>
Package pdftex.def Info: /home/dearn/zdjecia/02013.jpg  used on input line 156.

(pdftex.def)             Requested size: 113.03952pt x 150.56305pt.

Underfull \hbox (badness 10000) in paragraph at lines 156--157

 []


Underfull \hbox (badness 10000) in paragraph at lines 156--157

 []

File: ./logo.jpg Graphic file (type jpg)
<use ./logo.jpg>
Package pdftex.def Info: ./logo.jpg  used on input line 157.
(pdftex.def)             Requested size: 57.06256pt x 30.11261pt.
[4 </home/dearn/zdjecia/01296.jpg> </home/dearn/zdjecia/01310.jpg> </home/dearn
/zdjecia/01365.jpg> </home/dearn/zdjecia/01587.jpg> </home/dearn/zdjecia/01588.
jpg> </home/dearn/zdjecia/01697.jpg>]
</home/dearn/zdjecia/02073.jpg, id=44, 250.9375pt x 188.705pt>
File: /home/dearn/zdjecia/02073.jpg Graphic file (type jpg)
<use /home/dearn/zdjecia/02073.jpg>
Package pdftex.def Info: /home/dearn/zdjecia/02073.jpg  used on input line 162.

(pdftex.def)             Requested size: 200.21803pt x 150.56305pt.
File: /home/dearn/zdjecia/02073.jpg Graphic file (type jpg)
<use /home/dearn/zdjecia/02073.jpg>
Package pdftex.def Info: /home/dearn/zdjecia/02073.jpg  used on input line 162.

(pdftex.def)             Requested size: 200.21803pt x 150.56305pt.

Underfull \hbox (badness 10000) in paragraph at lines 162--163

 []


Underfull \hbox (badness 10000) in paragraph at lines 162--163

 []

</home/dearn/zdjecia/02154.jpg, id=45, 250.9375pt x 188.705pt>
File: /home/dearn/zdjecia/02154.jpg Graphic file (type jpg)
<use /home/dearn/zdjecia/02154.jpg>
Package pdftex.def Info: /home/dearn/zdjecia/02154.jpg  used on input line 168.

(pdftex.def)             Requested size: 200.21803pt x 150.56305pt.
File: /home/dearn/zdjecia/02154.jpg Graphic file (type jpg)
<use /home/dearn/zdjecia/02154.jpg>
Package pdftex.def Info: /home/dearn/zdjecia/02154.jpg  used on input line 168.

(pdftex.def)             Requested size: 200.21803pt x 150.56305pt.

Underfull \hbox (badness 10000) in paragraph at lines 168--169

 []


Underfull \hbox (badness 10000) in paragraph at lines 168--169

 []

</home/dearn/zdjecia/02236.jpg, id=46, 250.9375pt x 334.24875pt>
File: /home/dearn/zdjecia/02236.jpg Graphic file (type jpg)
<use /home/dearn/zdjecia/02236.jpg>
Package pdftex.def Info: /home/dearn/zdjecia/02236.jpg  used on input line 174.

(pdftex.def)             Requested size: 113.03952pt x 150.56305pt.
File: /home/dearn/zdjecia/02236.jpg Graphic file (type jpg)
<use /home/dearn/zdjecia/02236.jpg>
Package pdftex.def Info: /home/dearn/zdjecia/02236.jpg  used on input line 174.

(pdftex.def)             Requested size: 113.03952pt x 150.56305pt.

Underfull \hbox (badness 10000) in paragraph at lines 174--175

 []


Underfull \hbox (badness 10000) in paragraph at lines 174--175

 []

</home/dearn/zdjecia/02702.jpg, id=47, 250.9375pt x 334.24875pt>
File: /home/dearn/zdjecia/02702.jpg Graphic file (type jpg)
<use /home/dearn/zdjecia/02702.jpg>
Package pdftex.def Info: /home/dearn/zdjecia/02702.jpg  used on input line 180.

(pdftex.def)             Requested size: 113.03952pt x 150.56305pt.
File: /home/dearn/zdjecia/02702.jpg Graphic file (type jpg)
<use /home/dearn/zdjecia/02702.jpg>
Package pdftex.def Info: /home/dearn/zdjecia/02702.jpg  used on input line 180.

(pdftex.def)             Requested size: 113.03952pt x 150.56305pt.

Underfull \hbox (badness 10000) in paragraph at lines 180--181

 []


Underfull \hbox (badness 10000) in paragraph at lines 180--181

 []

</home/dearn/zdjecia/02841.jpg, id=48, 250.9375pt x 188.705pt>
File: /home/dearn/zdjecia/02841.jpg Graphic file (type jpg)
<use /home/dearn/zdjecia/02841.jpg>
Package pdftex.def Info: /home/dearn/zdjecia/02841.jpg  used on input line 186.

(pdftex.def)             Requested size: 200.21803pt x 150.56305pt.
File: /home/dearn/zdjecia/02841.jpg Graphic file (type jpg)
<use /home/dearn/zdjecia/02841.jpg>
Package pdftex.def Info: /home/dearn/zdjecia/02841.jpg  used on input line 186.

(pdftex.def)             Requested size: 200.21803pt x 150.56305pt.

Underfull \hbox (badness 10000) in paragraph at lines 186--187

 []


Underfull \hbox (badness 10000) in paragraph at lines 186--187

 []

</home/dearn/zdjecia/02921.jpg, id=49, 250.9375pt x 188.705pt>
File: /home/dearn/zdjecia/02921.jpg Graphic file (type jpg)
<use /home/dearn/zdjecia/02921.jpg>
Package pdftex.def Info: /home/dearn/zdjecia/02921.jpg  used on input line 192.

(pdftex.def)             Requested size: 200.21803pt x 150.56305pt.
File: /home/dearn/zdjecia/02921.jpg Graphic file (type jpg)
<use /home/dearn/zdjecia/02921.jpg>
Package pdftex.def Info: /home/dearn/zdjecia/02921.jpg  used on input line 192.

(pdftex.def)             Requested size: 200.21803pt x 150.56305pt.

Underfull \hbox (badness 10000) in paragraph at lines 192--193

 []


Underfull \hbox (badness 10000) in paragraph at lines 192--193

 []

File: ./logo.jpg Graphic file (type jpg)
<use ./logo.jpg>
Package pdftex.def Info: ./logo.jpg  used on input line 193.
(pdftex.def)             Requested size: 57.06256pt x 30.11261pt.
[5 </home/dearn/zdjecia/01815.jpg> </home/dearn/zdjecia/02013.jpg> </home/dearn
/zdjecia/02073.jpg> </home/dearn/zdjecia/02154.jpg> </home/dearn/zdjecia/02236.
jpg> </home/dearn/zdjecia/02702.jpg>]
</home/dearn/zdjecia/02922.jpg, id=53, 250.9375pt x 188.705pt>
File: /home/dearn/zdjecia/02922.jpg Graphic file (type jpg)
<use /home/dearn/zdjecia/02922.jpg>
Package pdftex.def Info: /home/dearn/zdjecia/02922.jpg  used on input line 198.

(pdftex.def)             Requested size: 200.21803pt x 150.56305pt.
File: /home/dearn/zdjecia/02922.jpg Graphic file (type jpg)
<use /home/dearn/zdjecia/02922.jpg>
Package pdftex.def Info: /home/dearn/zdjecia/02922.jpg  used on input line 198.

(pdftex.def)             Requested size: 200.21803pt x 150.56305pt.

Underfull \hbox (badness 10000) in paragraph at lines 198--199

 []


Underfull \hbox (badness 10000) in paragraph at lines 198--199

 []

</home/dearn/zdjecia/02973.jpg, id=54, 250.9375pt x 188.705pt>
File: /home/dearn/zdjecia/02973.jpg Graphic file (type jpg)
<use /home/dearn/zdjecia/02973.jpg>
Package pdftex.def Info: /home/dearn/zdjecia/02973.jpg  used on input line 204.

(pdftex.def)             Requested size: 200.21803pt x 150.56305pt.
File: /home/dearn/zdjecia/02973.jpg Graphic file (type jpg)
<use /home/dearn/zdjecia/02973.jpg>
Package pdftex.def Info: /home/dearn/zdjecia/02973.jpg  used on input line 204.

(pdftex.def)             Requested size: 200.21803pt x 150.56305pt.

Underfull \hbox (badness 10000) in paragraph at lines 204--205

 []


Underfull \hbox (badness 10000) in paragraph at lines 204--205

 []

</home/dearn/zdjecia/03002.jpg, id=55, 250.9375pt x 188.705pt>
File: /home/dearn/zdjecia/03002.jpg Graphic file (type jpg)
<use /home/dearn/zdjecia/03002.jpg>
Package pdftex.def Info: /home/dearn/zdjecia/03002.jpg  used on input line 210.

(pdftex.def)             Requested size: 200.21803pt x 150.56305pt.
File: /home/dearn/zdjecia/03002.jpg Graphic file (type jpg)
<use /home/dearn/zdjecia/03002.jpg>
Package pdftex.def Info: /home/dearn/zdjecia/03002.jpg  used on input line 210.

(pdftex.def)             Requested size: 200.21803pt x 150.56305pt.

Underfull \hbox (badness 10000) in paragraph at lines 210--211

 []


Underfull \hbox (badness 10000) in paragraph at lines 210--211

 []

</home/dearn/zdjecia/03007.jpg, id=56, 250.9375pt x 188.705pt>
File: /home/dearn/zdjecia/03007.jpg Graphic file (type jpg)
<use /home/dearn/zdjecia/03007.jpg>
Package pdftex.def Info: /home/dearn/zdjecia/03007.jpg  used on input line 216.

(pdftex.def)             Requested size: 200.21803pt x 150.56305pt.
File: /home/dearn/zdjecia/03007.jpg Graphic file (type jpg)
<use /home/dearn/zdjecia/03007.jpg>
Package pdftex.def Info: /home/dearn/zdjecia/03007.jpg  used on input line 216.

(pdftex.def)             Requested size: 200.21803pt x 150.56305pt.

Underfull \hbox (badness 10000) in paragraph at lines 216--217

 []


Underfull \hbox (badness 10000) in paragraph at lines 216--217

 []

</home/dearn/zdjecia/03008.jpg, id=57, 250.9375pt x 188.705pt>
File: /home/dearn/zdjecia/03008.jpg Graphic file (type jpg)
<use /home/dearn/zdjecia/03008.jpg>
Package pdftex.def Info: /home/dearn/zdjecia/03008.jpg  used on input line 222.

(pdftex.def)             Requested size: 200.21803pt x 150.56305pt.
File: /home/dearn/zdjecia/03008.jpg Graphic file (type jpg)
<use /home/dearn/zdjecia/03008.jpg>
Package pdftex.def Info: /home/dearn/zdjecia/03008.jpg  used on input line 222.

(pdftex.def)             Requested size: 200.21803pt x 150.56305pt.

Underfull \hbox (badness 10000) in paragraph at lines 222--223

 []


Underfull \hbox (badness 10000) in paragraph at lines 222--223

 []

</home/dearn/zdjecia/03056.jpg, id=58, 250.9375pt x 188.705pt>
File: /home/dearn/zdjecia/03056.jpg Graphic file (type jpg)
<use /home/dearn/zdjecia/03056.jpg>
Package pdftex.def Info: /home/dearn/zdjecia/03056.jpg  used on input line 228.

(pdftex.def)             Requested size: 200.21803pt x 150.56305pt.
File: /home/dearn/zdjecia/03056.jpg Graphic file (type jpg)
<use /home/dearn/zdjecia/03056.jpg>
Package pdftex.def Info: /home/dearn/zdjecia/03056.jpg  used on input line 228.

(pdftex.def)             Requested size: 200.21803pt x 150.56305pt.

Underfull \hbox (badness 10000) in paragraph at lines 228--229

 []


Underfull \hbox (badness 10000) in paragraph at lines 228--229

 []

File: ./logo.jpg Graphic file (type jpg)
<use ./logo.jpg>
Package pdftex.def Info: ./logo.jpg  used on input line 229.
(pdftex.def)             Requested size: 57.06256pt x 30.11261pt.
[6 </home/dearn/zdjecia/02841.jpg> </home/dearn/zdjecia/02921.jpg> </home/dearn
/zdjecia/02922.jpg> </home/dearn/zdjecia/02973.jpg> </home/dearn/zdjecia/03002.
jpg> </home/dearn/zdjecia/03007.jpg>]
</home/dearn/zdjecia/03105.jpg, id=62, 250.9375pt x 334.24875pt>
File: /home/dearn/zdjecia/03105.jpg Graphic file (type jpg)
<use /home/dearn/zdjecia/03105.jpg>
Package pdftex.def Info: /home/dearn/zdjecia/03105.jpg  used on input line 234.

(pdftex.def)             Requested size: 113.03952pt x 150.56305pt.
File: /home/dearn/zdjecia/03105.jpg Graphic file (type jpg)
<use /home/dearn/zdjecia/03105.jpg>
Package pdftex.def Info: /home/dearn/zdjecia/03105.jpg  used on input line 234.

(pdftex.def)             Requested size: 113.03952pt x 150.56305pt.

Underfull \hbox (badness 10000) in paragraph at lines 234--235

 []


Underfull \hbox (badness 10000) in paragraph at lines 234--235

 []

</home/dearn/zdjecia/03106.jpg, id=63, 250.9375pt x 159.59625pt>
File: /home/dearn/zdjecia/03106.jpg Graphic file (type jpg)
<use /home/dearn/zdjecia/03106.jpg>
Package pdftex.def Info: /home/dearn/zdjecia/03106.jpg  used on input line 240.

(pdftex.def)             Requested size: 236.73514pt x 150.56305pt.
File: /home/dearn/zdjecia/03106.jpg Graphic file (type jpg)
<use /home/dearn/zdjecia/03106.jpg>
Package pdftex.def Info: /home/dearn/zdjecia/03106.jpg  used on input line 240.

(pdftex.def)             Requested size: 236.73514pt x 150.56305pt.

Underfull \hbox (badness 10000) in paragraph at lines 240--241

 []


Underfull \hbox (badness 10000) in paragraph at lines 240--241

 []

</home/dearn/zdjecia/03115.jpg, id=64, 250.9375pt x 178.6675pt>
File: /home/dearn/zdjecia/03115.jpg Graphic file (type jpg)
<use /home/dearn/zdjecia/03115.jpg>
Package pdftex.def Info: /home/dearn/zdjecia/03115.jpg  used on input line 246.

(pdftex.def)             Requested size: 211.47527pt x 150.56305pt.
File: /home/dearn/zdjecia/03115.jpg Graphic file (type jpg)
<use /home/dearn/zdjecia/03115.jpg>
Package pdftex.def Info: /home/dearn/zdjecia/03115.jpg  used on input line 246.

(pdftex.def)             Requested size: 211.47527pt x 150.56305pt.

Underfull \hbox (badness 10000) in paragraph at lines 246--247

 []


Underfull \hbox (badness 10000) in paragraph at lines 246--247

 []

</home/dearn/zdjecia/03123.jpg, id=65, 250.9375pt x 188.705pt>
File: /home/dearn/zdjecia/03123.jpg Graphic file (type jpg)
<use /home/dearn/zdjecia/03123.jpg>
Package pdftex.def Info: /home/dearn/zdjecia/03123.jpg  used on input line 252.

(pdftex.def)             Requested size: 200.21803pt x 150.56305pt.
File: /home/dearn/zdjecia/03123.jpg Graphic file (type jpg)
<use /home/dearn/zdjecia/03123.jpg>
Package pdftex.def Info: /home/dearn/zdjecia/03123.jpg  used on input line 252.

(pdftex.def)             Requested size: 200.21803pt x 150.56305pt.

Underfull \hbox (badness 10000) in paragraph at lines 252--253

 []


Underfull \hbox (badness 10000) in paragraph at lines 252--253

 []

</home/dearn/zdjecia/03183.jpg, id=66, 250.9375pt x 391.4625pt>
File: /home/dearn/zdjecia/03183.jpg Graphic file (type jpg)
<use /home/dearn/zdjecia/03183.jpg>
Package pdftex.def Info: /home/dearn/zdjecia/03183.jpg  used on input line 258.

(pdftex.def)             Requested size: 96.51358pt x 150.56305pt.
File: /home/dearn/zdjecia/03183.jpg Graphic file (type jpg)
<use /home/dearn/zdjecia/03183.jpg>
Package pdftex.def Info: /home/dearn/zdjecia/03183.jpg  used on input line 258.

(pdftex.def)             Requested size: 96.51358pt x 150.56305pt.

Underfull \hbox (badness 10000) in paragraph at lines 258--259

 []


Underfull \hbox (badness 10000) in paragraph at lines 258--259

 []

</home/dearn/zdjecia/03405.jpg, id=67, 250.9375pt x 188.705pt>
File: /home/dearn/zdjecia/03405.jpg Graphic file (type jpg)
<use /home/dearn/zdjecia/03405.jpg>
Package pdftex.def Info: /home/dearn/zdjecia/03405.jpg  used on input line 264.

(pdftex.def)             Requested size: 200.21803pt x 150.56305pt.
File: /home/dearn/zdjecia/03405.jpg Graphic file (type jpg)
<use /home/dearn/zdjecia/03405.jpg>
Package pdftex.def Info: /home/dearn/zdjecia/03405.jpg  used on input line 264.

(pdftex.def)             Requested size: 200.21803pt x 150.56305pt.

Underfull \hbox (badness 10000) in paragraph at lines 264--265

 []


Underfull \hbox (badness 10000) in paragraph at lines 264--265

 []

File: ./logo.jpg Graphic file (type jpg)
<use ./logo.jpg>
Package pdftex.def Info: ./logo.jpg  used on input line 265.
(pdftex.def)             Requested size: 57.06256pt x 30.11261pt.
[7 </home/dearn/zdjecia/03008.jpg> </home/dearn/zdjecia/03056.jpg> </home/dearn
/zdjecia/03105.jpg> </home/dearn/zdjecia/03106.jpg> </home/dearn/zdjecia/03115.
jpg> </home/dearn/zdjecia/03123.jpg>]
</home/dearn/zdjecia/03464.jpg, id=72, 250.9375pt x 188.705pt>
File: /home/dearn/zdjecia/03464.jpg Graphic file (type jpg)
<use /home/dearn/zdjecia/03464.jpg>
Package pdftex.def Info: /home/dearn/zdjecia/03464.jpg  used on input line 270.

(pdftex.def)             Requested size: 200.21803pt x 150.56305pt.
File: /home/dearn/zdjecia/03464.jpg Graphic file (type jpg)
<use /home/dearn/zdjecia/03464.jpg>
Package pdftex.def Info: /home/dearn/zdjecia/03464.jpg  used on input line 270.

(pdftex.def)             Requested size: 200.21803pt x 150.56305pt.

Underfull \hbox (badness 10000) in paragraph at lines 270--271

 []


Underfull \hbox (badness 10000) in paragraph at lines 270--271

 []

</home/dearn/zdjecia/03726.jpg, id=73, 250.9375pt x 188.705pt>
File: /home/dearn/zdjecia/03726.jpg Graphic file (type jpg)
<use /home/dearn/zdjecia/03726.jpg>
Package pdftex.def Info: /home/dearn/zdjecia/03726.jpg  used on input line 276.

(pdftex.def)             Requested size: 200.21803pt x 150.56305pt.
File: /home/dearn/zdjecia/03726.jpg Graphic file (type jpg)
<use /home/dearn/zdjecia/03726.jpg>
Package pdftex.def Info: /home/dearn/zdjecia/03726.jpg  used on input line 276.

(pdftex.def)             Requested size: 200.21803pt x 150.56305pt.

Underfull \hbox (badness 10000) in paragraph at lines 276--277

 []


Underfull \hbox (badness 10000) in paragraph at lines 276--277

 []

</home/dearn/zdjecia/03735.jpg, id=74, 250.9375pt x 334.24875pt>
File: /home/dearn/zdjecia/03735.jpg Graphic file (type jpg)
<use /home/dearn/zdjecia/03735.jpg>
Package pdftex.def Info: /home/dearn/zdjecia/03735.jpg  used on input line 282.

(pdftex.def)             Requested size: 113.03952pt x 150.56305pt.
File: /home/dearn/zdjecia/03735.jpg Graphic file (type jpg)
<use /home/dearn/zdjecia/03735.jpg>
Package pdftex.def Info: /home/dearn/zdjecia/03735.jpg  used on input line 282.

(pdftex.def)             Requested size: 113.03952pt x 150.56305pt.

Underfull \hbox (badness 10000) in paragraph at lines 282--283

 []


Underfull \hbox (badness 10000) in paragraph at lines 282--283

 []

</home/dearn/zdjecia/03772.jpg, id=75, 250.9375pt x 188.705pt>
File: /home/dearn/zdjecia/03772.jpg Graphic file (type jpg)
<use /home/dearn/zdjecia/03772.jpg>
Package pdftex.def Info: /home/dearn/zdjecia/03772.jpg  used on input line 288.

(pdftex.def)             Requested size: 200.21803pt x 150.56305pt.
File: /home/dearn/zdjecia/03772.jpg Graphic file (type jpg)
<use /home/dearn/zdjecia/03772.jpg>
Package pdftex.def Info: /home/dearn/zdjecia/03772.jpg  used on input line 288.

(pdftex.def)             Requested size: 200.21803pt x 150.56305pt.

Underfull \hbox (badness 10000) in paragraph at lines 288--289

 []


Underfull \hbox (badness 10000) in paragraph at lines 288--289

 []

</home/dearn/zdjecia/04032.jpg, id=76, 250.9375pt x 188.705pt>
File: /home/dearn/zdjecia/04032.jpg Graphic file (type jpg)
<use /home/dearn/zdjecia/04032.jpg>
Package pdftex.def Info: /home/dearn/zdjecia/04032.jpg  used on input line 294.

(pdftex.def)             Requested size: 200.21803pt x 150.56305pt.
File: /home/dearn/zdjecia/04032.jpg Graphic file (type jpg)
<use /home/dearn/zdjecia/04032.jpg>
Package pdftex.def Info: /home/dearn/zdjecia/04032.jpg  used on input line 294.

(pdftex.def)             Requested size: 200.21803pt x 150.56305pt.

Underfull \hbox (badness 10000) in paragraph at lines 294--295

 []


Underfull \hbox (badness 10000) in paragraph at lines 294--295

 []

</home/dearn/zdjecia/04037.jpg, id=77, 250.9375pt x 188.705pt>
File: /home/dearn/zdjecia/04037.jpg Graphic file (type jpg)
<use /home/dearn/zdjecia/04037.jpg>
Package pdftex.def Info: /home/dearn/zdjecia/04037.jpg  used on input line 300.

(pdftex.def)             Requested size: 200.21803pt x 150.56305pt.
File: /home/dearn/zdjecia/04037.jpg Graphic file (type jpg)
<use /home/dearn/zdjecia/04037.jpg>
Package pdftex.def Info: /home/dearn/zdjecia/04037.jpg  used on input line 300.

(pdftex.def)             Requested size: 200.21803pt x 150.56305pt.

Underfull \hbox (badness 10000) in paragraph at lines 300--301

 []


Underfull \hbox (badness 10000) in paragraph at lines 300--301

 []

File: ./logo.jpg Graphic file (type jpg)
<use ./logo.jpg>
Package pdftex.def Info: ./logo.jpg  used on input line 301.
(pdftex.def)             Requested size: 57.06256pt x 30.11261pt.
[8 </home/dearn/zdjecia/03183.jpg> </home/dearn/zdjecia/03405.jpg> </home/dearn
/zdjecia/03464.jpg> </home/dearn/zdjecia/03726.jpg> </home/dearn/zdjecia/03735.
jpg> </home/dearn/zdjecia/03772.jpg>]
</home/dearn/zdjecia/04056.jpg, id=81, 250.9375pt x 237.88875pt>
File: /home/dearn/zdjecia/04056.jpg Graphic file (type jpg)
<use /home/dearn/zdjecia/04056.jpg>
Package pdftex.def Info: /home/dearn/zdjecia/04056.jpg  used on input line 306.

(pdftex.def)             Requested size: 158.83044pt x 150.56305pt.
File: /home/dearn/zdjecia/04056.jpg Graphic file (type jpg)
<use /home/dearn/zdjecia/04056.jpg>
Package pdftex.def Info: /home/dearn/zdjecia/04056.jpg  used on input line 306.

(pdftex.def)             Requested size: 158.83044pt x 150.56305pt.

Underfull \hbox (badness 10000) in paragraph at lines 306--307

 []


Underfull \hbox (badness 10000) in paragraph at lines 306--307

 []

</home/dearn/zdjecia/04069.jpg, id=82, 250.9375pt x 188.705pt>
File: /home/dearn/zdjecia/04069.jpg Graphic file (type jpg)
<use /home/dearn/zdjecia/04069.jpg>
Package pdftex.def Info: /home/dearn/zdjecia/04069.jpg  used on input line 312.

(pdftex.def)             Requested size: 200.21803pt x 150.56305pt.
File: /home/dearn/zdjecia/04069.jpg Graphic file (type jpg)
<use /home/dearn/zdjecia/04069.jpg>
Package pdftex.def Info: /home/dearn/zdjecia/04069.jpg  used on input line 312.

(pdftex.def)             Requested size: 200.21803pt x 150.56305pt.

Underfull \hbox (badness 10000) in paragraph at lines 312--313

 []


Underfull \hbox (badness 10000) in paragraph at lines 312--313

 []

</home/dearn/zdjecia/04202.jpg, id=83, 250.9375pt x 188.705pt>
File: /home/dearn/zdjecia/04202.jpg Graphic file (type jpg)
<use /home/dearn/zdjecia/04202.jpg>
Package pdftex.def Info: /home/dearn/zdjecia/04202.jpg  used on input line 318.

(pdftex.def)             Requested size: 200.21803pt x 150.56305pt.
File: /home/dearn/zdjecia/04202.jpg Graphic file (type jpg)
<use /home/dearn/zdjecia/04202.jpg>
Package pdftex.def Info: /home/dearn/zdjecia/04202.jpg  used on input line 318.

(pdftex.def)             Requested size: 200.21803pt x 150.56305pt.

Underfull \hbox (badness 10000) in paragraph at lines 318--319

 []


Underfull \hbox (badness 10000) in paragraph at lines 318--319

 []

</home/dearn/zdjecia/04206.jpg, id=84, 250.9375pt x 188.705pt>
File: /home/dearn/zdjecia/04206.jpg Graphic file (type jpg)
<use /home/dearn/zdjecia/04206.jpg>
Package pdftex.def Info: /home/dearn/zdjecia/04206.jpg  used on input line 324.

(pdftex.def)             Requested size: 200.21803pt x 150.56305pt.
File: /home/dearn/zdjecia/04206.jpg Graphic file (type jpg)
<use /home/dearn/zdjecia/04206.jpg>
Package pdftex.def Info: /home/dearn/zdjecia/04206.jpg  used on input line 324.

(pdftex.def)             Requested size: 200.21803pt x 150.56305pt.

Underfull \hbox (badness 10000) in paragraph at lines 324--325

 []


Underfull \hbox (badness 10000) in paragraph at lines 324--325

 []

</home/dearn/zdjecia/04207.jpg, id=85, 250.9375pt x 188.705pt>
File: /home/dearn/zdjecia/04207.jpg Graphic file (type jpg)
<use /home/dearn/zdjecia/04207.jpg>
Package pdftex.def Info: /home/dearn/zdjecia/04207.jpg  used on input line 330.

(pdftex.def)             Requested size: 200.21803pt x 150.56305pt.
File: /home/dearn/zdjecia/04207.jpg Graphic file (type jpg)
<use /home/dearn/zdjecia/04207.jpg>
Package pdftex.def Info: /home/dearn/zdjecia/04207.jpg  used on input line 330.

(pdftex.def)             Requested size: 200.21803pt x 150.56305pt.

Underfull \hbox (badness 10000) in paragraph at lines 330--331

 []


Underfull \hbox (badness 10000) in paragraph at lines 330--331

 []

</home/dearn/zdjecia/04250.jpg, id=86, 250.9375pt x 188.705pt>
File: /home/dearn/zdjecia/04250.jpg Graphic file (type jpg)
<use /home/dearn/zdjecia/04250.jpg>
Package pdftex.def Info: /home/dearn/zdjecia/04250.jpg  used on input line 336.

(pdftex.def)             Requested size: 200.21803pt x 150.56305pt.
File: /home/dearn/zdjecia/04250.jpg Graphic file (type jpg)
<use /home/dearn/zdjecia/04250.jpg>
Package pdftex.def Info: /home/dearn/zdjecia/04250.jpg  used on input line 336.

(pdftex.def)             Requested size: 200.21803pt x 150.56305pt.

Underfull \hbox (badness 10000) in paragraph at lines 336--337

 []


Underfull \hbox (badness 10000) in paragraph at lines 336--337

 []

File: ./logo.jpg Graphic file (type jpg)
<use ./logo.jpg>
Package pdftex.def Info: ./logo.jpg  used on input line 337.
(pdftex.def)             Requested size: 57.06256pt x 30.11261pt.
[9 </home/dearn/zdjecia/04032.jpg> </home/dearn/zdjecia/04037.jpg> </home/dearn
/zdjecia/04056.jpg> </home/dearn/zdjecia/04069.jpg> </home/dearn/zdjecia/04202.
jpg> </home/dearn/zdjecia/04206.jpg>]
</home/dearn/zdjecia/04274.jpg, id=90, 250.9375pt x 188.705pt>
File: /home/dearn/zdjecia/04274.jpg Graphic file (type jpg)
<use /home/dearn/zdjecia/04274.jpg>
Package pdftex.def Info: /home/dearn/zdjecia/04274.jpg  used on input line 342.

(pdftex.def)             Requested size: 200.21803pt x 150.56305pt.
File: /home/dearn/zdjecia/04274.jpg Graphic file (type jpg)
<use /home/dearn/zdjecia/04274.jpg>
Package pdftex.def Info: /home/dearn/zdjecia/04274.jpg  used on input line 342.

(pdftex.def)             Requested size: 200.21803pt x 150.56305pt.

Underfull \hbox (badness 10000) in paragraph at lines 342--343

 []


Underfull \hbox (badness 10000) in paragraph at lines 342--343

 []

</home/dearn/zdjecia/04305.jpg, id=91, 250.9375pt x 188.705pt>
File: /home/dearn/zdjecia/04305.jpg Graphic file (type jpg)
<use /home/dearn/zdjecia/04305.jpg>
Package pdftex.def Info: /home/dearn/zdjecia/04305.jpg  used on input line 348.

(pdftex.def)             Requested size: 200.21803pt x 150.56305pt.
File: /home/dearn/zdjecia/04305.jpg Graphic file (type jpg)
<use /home/dearn/zdjecia/04305.jpg>
Package pdftex.def Info: /home/dearn/zdjecia/04305.jpg  used on input line 348.

(pdftex.def)             Requested size: 200.21803pt x 150.56305pt.

Underfull \hbox (badness 10000) in paragraph at lines 348--349

 []


Underfull \hbox (badness 10000) in paragraph at lines 348--349

 []

</home/dearn/zdjecia/04343.jpg, id=92, 250.9375pt x 886.31125pt>
File: /home/dearn/zdjecia/04343.jpg Graphic file (type jpg)
<use /home/dearn/zdjecia/04343.jpg>
Package pdftex.def Info: /home/dearn/zdjecia/04343.jpg  used on input line 354.

(pdftex.def)             Requested size: 42.62817pt x 150.56305pt.
File: /home/dearn/zdjecia/04343.jpg Graphic file (type jpg)
<use /home/dearn/zdjecia/04343.jpg>
Package pdftex.def Info: /home/dearn/zdjecia/04343.jpg  used on input line 354.

(pdftex.def)             Requested size: 42.62817pt x 150.56305pt.

Underfull \hbox (badness 10000) in paragraph at lines 354--355

 []


Underfull \hbox (badness 10000) in paragraph at lines 354--355

 []

</home/dearn/zdjecia/04377.jpg, id=93, 250.9375pt x 334.24875pt>
File: /home/dearn/zdjecia/04377.jpg Graphic file (type jpg)
<use /home/dearn/zdjecia/04377.jpg>
Package pdftex.def Info: /home/dearn/zdjecia/04377.jpg  used on input line 360.

(pdftex.def)             Requested size: 113.03952pt x 150.56305pt.
File: /home/dearn/zdjecia/04377.jpg Graphic file (type jpg)
<use /home/dearn/zdjecia/04377.jpg>
Package pdftex.def Info: /home/dearn/zdjecia/04377.jpg  used on input line 360.

(pdftex.def)             Requested size: 113.03952pt x 150.56305pt.

Underfull \hbox (badness 10000) in paragraph at lines 360--361

 []


Underfull \hbox (badness 10000) in paragraph at lines 360--361

 []

</home/dearn/zdjecia/04392.jpg, id=94, 250.9375pt x 334.24875pt>
File: /home/dearn/zdjecia/04392.jpg Graphic file (type jpg)
<use /home/dearn/zdjecia/04392.jpg>
Package pdftex.def Info: /home/dearn/zdjecia/04392.jpg  used on input line 366.

(pdftex.def)             Requested size: 113.03952pt x 150.56305pt.
File: /home/dearn/zdjecia/04392.jpg Graphic file (type jpg)
<use /home/dearn/zdjecia/04392.jpg>
Package pdftex.def Info: /home/dearn/zdjecia/04392.jpg  used on input line 366.

(pdftex.def)             Requested size: 113.03952pt x 150.56305pt.

Underfull \hbox (badness 10000) in paragraph at lines 366--367

 []


Underfull \hbox (badness 10000) in paragraph at lines 366--367

 []

</home/dearn/zdjecia/04410.jpg, id=95, 250.9375pt x 334.24875pt>
File: /home/dearn/zdjecia/04410.jpg Graphic file (type jpg)
<use /home/dearn/zdjecia/04410.jpg>
Package pdftex.def Info: /home/dearn/zdjecia/04410.jpg  used on input line 372.

(pdftex.def)             Requested size: 113.03952pt x 150.56305pt.
File: /home/dearn/zdjecia/04410.jpg Graphic file (type jpg)
<use /home/dearn/zdjecia/04410.jpg>
Package pdftex.def Info: /home/dearn/zdjecia/04410.jpg  used on input line 372.

(pdftex.def)             Requested size: 113.03952pt x 150.56305pt.

Underfull \hbox (badness 10000) in paragraph at lines 372--373

 []


Underfull \hbox (badness 10000) in paragraph at lines 372--373

 []

File: ./logo.jpg Graphic file (type jpg)
<use ./logo.jpg>
Package pdftex.def Info: ./logo.jpg  used on input line 373.
(pdftex.def)             Requested size: 57.06256pt x 30.11261pt.
[10 </home/dearn/zdjecia/04207.jpg> </home/dearn/zdjecia/04250.jpg> </home/dear
n/zdjecia/04274.jpg> </home/dearn/zdjecia/04305.jpg> </home/dearn/zdjecia/04343
.jpg> </home/dearn/zdjecia/04377.jpg>]
</home/dearn/zdjecia/04508.jpg, id=99, 250.9375pt x 140.525pt>
File: /home/dearn/zdjecia/04508.jpg Graphic file (type jpg)
<use /home/dearn/zdjecia/04508.jpg>
Package pdftex.def Info: /home/dearn/zdjecia/04508.jpg  used on input line 378.

(pdftex.def)             Requested size: 268.87953pt x 150.56305pt.
File: /home/dearn/zdjecia/04508.jpg Graphic file (type jpg)
<use /home/dearn/zdjecia/04508.jpg>
Package pdftex.def Info: /home/dearn/zdjecia/04508.jpg  used on input line 378.

(pdftex.def)             Requested size: 268.87953pt x 150.56305pt.

Overfull \hbox (17.86705pt too wide) in paragraph at lines 378--379
[]$[]$ 
 []


Underfull \hbox (badness 10000) in paragraph at lines 378--379

 []


Underfull \hbox (badness 10000) in paragraph at lines 378--379

 []

</home/dearn/zdjecia/04540.jpg, id=100, 250.9375pt x 188.705pt>
File: /home/dearn/zdjecia/04540.jpg Graphic file (type jpg)
<use /home/dearn/zdjecia/04540.jpg>
Package pdftex.def Info: /home/dearn/zdjecia/04540.jpg  used on input line 384.

(pdftex.def)             Requested size: 200.21803pt x 150.56305pt.
File: /home/dearn/zdjecia/04540.jpg Graphic file (type jpg)
<use /home/dearn/zdjecia/04540.jpg>
Package pdftex.def Info: /home/dearn/zdjecia/04540.jpg  used on input line 384.

(pdftex.def)             Requested size: 200.21803pt x 150.56305pt.

Underfull \hbox (badness 10000) in paragraph at lines 384--385

 []


Underfull \hbox (badness 10000) in paragraph at lines 384--385

 []

</home/dearn/zdjecia/05004.jpg, id=101, 250.9375pt x 334.24875pt>
File: /home/dearn/zdjecia/05004.jpg Graphic file (type jpg)
<use /home/dearn/zdjecia/05004.jpg>
Package pdftex.def Info: /home/dearn/zdjecia/05004.jpg  used on input line 390.

(pdftex.def)             Requested size: 113.03952pt x 150.56305pt.
File: /home/dearn/zdjecia/05004.jpg Graphic file (type jpg)
<use /home/dearn/zdjecia/05004.jpg>
Package pdftex.def Info: /home/dearn/zdjecia/05004.jpg  used on input line 390.

(pdftex.def)             Requested size: 113.03952pt x 150.56305pt.

Underfull \hbox (badness 10000) in paragraph at lines 390--391

 []


Underfull \hbox (badness 10000) in paragraph at lines 390--391

 []

</home/dearn/zdjecia/05016.jpg, id=102, 250.9375pt x 188.705pt>
File: /home/dearn/zdjecia/05016.jpg Graphic file (type jpg)
<use /home/dearn/zdjecia/05016.jpg>
Package pdftex.def Info: /home/dearn/zdjecia/05016.jpg  used on input line 396.

(pdftex.def)             Requested size: 200.21803pt x 150.56305pt.
File: /home/dearn/zdjecia/05016.jpg Graphic file (type jpg)
<use /home/dearn/zdjecia/05016.jpg>
Package pdftex.def Info: /home/dearn/zdjecia/05016.jpg  used on input line 396.

(pdftex.def)             Requested size: 200.21803pt x 150.56305pt.

Underfull \hbox (badness 10000) in paragraph at lines 396--397

 []


Underfull \hbox (badness 10000) in paragraph at lines 396--397

 []

</home/dearn/zdjecia/05017.jpg, id=103, 250.9375pt x 188.705pt>
File: /home/dearn/zdjecia/05017.jpg Graphic file (type jpg)
<use /home/dearn/zdjecia/05017.jpg>
Package pdftex.def Info: /home/dearn/zdjecia/05017.jpg  used on input line 402.

(pdftex.def)             Requested size: 200.21803pt x 150.56305pt.
File: /home/dearn/zdjecia/05017.jpg Graphic file (type jpg)
<use /home/dearn/zdjecia/05017.jpg>
Package pdftex.def Info: /home/dearn/zdjecia/05017.jpg  used on input line 402.

(pdftex.def)             Requested size: 200.21803pt x 150.56305pt.

Underfull \hbox (badness 10000) in paragraph at lines 402--403

 []


Underfull \hbox (badness 10000) in paragraph at lines 402--403

 []

</home/dearn/zdjecia/05065.jpg, id=104, 250.9375pt x 188.705pt>
File: /home/dearn/zdjecia/05065.jpg Graphic file (type jpg)
<use /home/dearn/zdjecia/05065.jpg>
Package pdftex.def Info: /home/dearn/zdjecia/05065.jpg  used on input line 408.

(pdftex.def)             Requested size: 200.21803pt x 150.56305pt.
File: /home/dearn/zdjecia/05065.jpg Graphic file (type jpg)
<use /home/dearn/zdjecia/05065.jpg>
Package pdftex.def Info: /home/dearn/zdjecia/05065.jpg  used on input line 408.

(pdftex.def)             Requested size: 200.21803pt x 150.56305pt.

Underfull \hbox (badness 10000) in paragraph at lines 408--409

 []


Underfull \hbox (badness 10000) in paragraph at lines 408--409

 []

File: ./logo.jpg Graphic file (type jpg)
<use ./logo.jpg>
Package pdftex.def Info: ./logo.jpg  used on input line 409.
(pdftex.def)             Requested size: 57.06256pt x 30.11261pt.
[11 </home/dearn/zdjecia/04392.jpg> </home/dearn/zdjecia/04410.jpg> </home/dear
n/zdjecia/04508.jpg> </home/dearn/zdjecia/04540.jpg> </home/dearn/zdjecia/05004
.jpg> </home/dearn/zdjecia/05016.jpg>]
</home/dearn/zdjecia/05071.jpg, id=108, 250.9375pt x 188.705pt>
File: /home/dearn/zdjecia/05071.jpg Graphic file (type jpg)
<use /home/dearn/zdjecia/05071.jpg>
Package pdftex.def Info: /home/dearn/zdjecia/05071.jpg  used on input line 414.

(pdftex.def)             Requested size: 200.21803pt x 150.56305pt.
File: /home/dearn/zdjecia/05071.jpg Graphic file (type jpg)
<use /home/dearn/zdjecia/05071.jpg>
Package pdftex.def Info: /home/dearn/zdjecia/05071.jpg  used on input line 414.

(pdftex.def)             Requested size: 200.21803pt x 150.56305pt.

Underfull \hbox (badness 10000) in paragraph at lines 414--415

 []


Underfull \hbox (badness 10000) in paragraph at lines 414--415

 []

</home/dearn/zdjecia/05072.jpg, id=109, 250.9375pt x 188.705pt>
File: /home/dearn/zdjecia/05072.jpg Graphic file (type jpg)
<use /home/dearn/zdjecia/05072.jpg>
Package pdftex.def Info: /home/dearn/zdjecia/05072.jpg  used on input line 420.

(pdftex.def)             Requested size: 200.21803pt x 150.56305pt.
File: /home/dearn/zdjecia/05072.jpg Graphic file (type jpg)
<use /home/dearn/zdjecia/05072.jpg>
Package pdftex.def Info: /home/dearn/zdjecia/05072.jpg  used on input line 420.

(pdftex.def)             Requested size: 200.21803pt x 150.56305pt.

Underfull \hbox (badness 10000) in paragraph at lines 420--421

 []


Underfull \hbox (badness 10000) in paragraph at lines 420--421

 []

</home/dearn/zdjecia/05136.jpg, id=110, 250.9375pt x 188.705pt>
File: /home/dearn/zdjecia/05136.jpg Graphic file (type jpg)
<use /home/dearn/zdjecia/05136.jpg>
Package pdftex.def Info: /home/dearn/zdjecia/05136.jpg  used on input line 426.

(pdftex.def)             Requested size: 200.21803pt x 150.56305pt.
File: /home/dearn/zdjecia/05136.jpg Graphic file (type jpg)
<use /home/dearn/zdjecia/05136.jpg>
Package pdftex.def Info: /home/dearn/zdjecia/05136.jpg  used on input line 426.

(pdftex.def)             Requested size: 200.21803pt x 150.56305pt.

Underfull \hbox (badness 10000) in paragraph at lines 426--427

 []


Underfull \hbox (badness 10000) in paragraph at lines 426--427

 []

</home/dearn/zdjecia/05150.jpg, id=111, 250.9375pt x 334.24875pt>
File: /home/dearn/zdjecia/05150.jpg Graphic file (type jpg)
<use /home/dearn/zdjecia/05150.jpg>
Package pdftex.def Info: /home/dearn/zdjecia/05150.jpg  used on input line 432.

(pdftex.def)             Requested size: 113.03952pt x 150.56305pt.
File: /home/dearn/zdjecia/05150.jpg Graphic file (type jpg)
<use /home/dearn/zdjecia/05150.jpg>
Package pdftex.def Info: /home/dearn/zdjecia/05150.jpg  used on input line 432.

(pdftex.def)             Requested size: 113.03952pt x 150.56305pt.

Underfull \hbox (badness 10000) in paragraph at lines 432--433

 []


Underfull \hbox (badness 10000) in paragraph at lines 432--433

 []

</home/dearn/zdjecia/05167.jpg, id=112, 250.9375pt x 188.705pt>
File: /home/dearn/zdjecia/05167.jpg Graphic file (type jpg)
<use /home/dearn/zdjecia/05167.jpg>
Package pdftex.def Info: /home/dearn/zdjecia/05167.jpg  used on input line 438.

(pdftex.def)             Requested size: 200.21803pt x 150.56305pt.
File: /home/dearn/zdjecia/05167.jpg Graphic file (type jpg)
<use /home/dearn/zdjecia/05167.jpg>
Package pdftex.def Info: /home/dearn/zdjecia/05167.jpg  used on input line 438.

(pdftex.def)             Requested size: 200.21803pt x 150.56305pt.

Underfull \hbox (badness 10000) in paragraph at lines 438--439

 []


Underfull \hbox (badness 10000) in paragraph at lines 438--439

 []

</home/dearn/zdjecia/05219.jpg, id=113, 250.9375pt x 188.705pt>
File: /home/dearn/zdjecia/05219.jpg Graphic file (type jpg)
<use /home/dearn/zdjecia/05219.jpg>
Package pdftex.def Info: /home/dearn/zdjecia/05219.jpg  used on input line 444.

(pdftex.def)             Requested size: 200.21803pt x 150.56305pt.
File: /home/dearn/zdjecia/05219.jpg Graphic file (type jpg)
<use /home/dearn/zdjecia/05219.jpg>
Package pdftex.def Info: /home/dearn/zdjecia/05219.jpg  used on input line 444.

(pdftex.def)             Requested size: 200.21803pt x 150.56305pt.

Underfull \hbox (badness 10000) in paragraph at lines 444--445

 []


Underfull \hbox (badness 10000) in paragraph at lines 444--445

 []

File: ./logo.jpg Graphic file (type jpg)
<use ./logo.jpg>
Package pdftex.def Info: ./logo.jpg  used on input line 445.
(pdftex.def)             Requested size: 57.06256pt x 30.11261pt.
[12 </home/dearn/zdjecia/05017.jpg> </home/dearn/zdjecia/05065.jpg> </home/dear
n/zdjecia/05071.jpg> </home/dearn/zdjecia/05072.jpg> </home/dearn/zdjecia/05136
.jpg> </home/dearn/zdjecia/05150.jpg>]
</home/dearn/zdjecia/05240.jpg, id=117, 250.9375pt x 334.24875pt>
File: /home/dearn/zdjecia/05240.jpg Graphic file (type jpg)
<use /home/dearn/zdjecia/05240.jpg>
Package pdftex.def Info: /home/dearn/zdjecia/05240.jpg  used on input line 450.

(pdftex.def)             Requested size: 113.03952pt x 150.56305pt.
File: /home/dearn/zdjecia/05240.jpg Graphic file (type jpg)
<use /home/dearn/zdjecia/05240.jpg>
Package pdftex.def Info: /home/dearn/zdjecia/05240.jpg  used on input line 450.

(pdftex.def)             Requested size: 113.03952pt x 150.56305pt.

Underfull \hbox (badness 10000) in paragraph at lines 450--451

 []


Underfull \hbox (badness 10000) in paragraph at lines 450--451

 []

</home/dearn/zdjecia/05296.jpg, id=118, 250.9375pt x 334.24875pt>
File: /home/dearn/zdjecia/05296.jpg Graphic file (type jpg)
<use /home/dearn/zdjecia/05296.jpg>
Package pdftex.def Info: /home/dearn/zdjecia/05296.jpg  used on input line 456.

(pdftex.def)             Requested size: 113.03952pt x 150.56305pt.
File: /home/dearn/zdjecia/05296.jpg Graphic file (type jpg)
<use /home/dearn/zdjecia/05296.jpg>
Package pdftex.def Info: /home/dearn/zdjecia/05296.jpg  used on input line 456.

(pdftex.def)             Requested size: 113.03952pt x 150.56305pt.

Underfull \hbox (badness 10000) in paragraph at lines 456--457

 []


Underfull \hbox (badness 10000) in paragraph at lines 456--457

 []

</home/dearn/zdjecia/05299.jpg, id=119, 250.9375pt x 334.24875pt>
File: /home/dearn/zdjecia/05299.jpg Graphic file (type jpg)
<use /home/dearn/zdjecia/05299.jpg>
Package pdftex.def Info: /home/dearn/zdjecia/05299.jpg  used on input line 462.

(pdftex.def)             Requested size: 113.03952pt x 150.56305pt.
File: /home/dearn/zdjecia/05299.jpg Graphic file (type jpg)
<use /home/dearn/zdjecia/05299.jpg>
Package pdftex.def Info: /home/dearn/zdjecia/05299.jpg  used on input line 462.

(pdftex.def)             Requested size: 113.03952pt x 150.56305pt.

Underfull \hbox (badness 10000) in paragraph at lines 462--463

 []


Underfull \hbox (badness 10000) in paragraph at lines 462--463

 []

</home/dearn/zdjecia/05309.jpg, id=120, 250.9375pt x 188.705pt>
File: /home/dearn/zdjecia/05309.jpg Graphic file (type jpg)
<use /home/dearn/zdjecia/05309.jpg>
Package pdftex.def Info: /home/dearn/zdjecia/05309.jpg  used on input line 468.

(pdftex.def)             Requested size: 200.21803pt x 150.56305pt.
File: /home/dearn/zdjecia/05309.jpg Graphic file (type jpg)
<use /home/dearn/zdjecia/05309.jpg>
Package pdftex.def Info: /home/dearn/zdjecia/05309.jpg  used on input line 468.

(pdftex.def)             Requested size: 200.21803pt x 150.56305pt.

Underfull \hbox (badness 10000) in paragraph at lines 468--469

 []


Underfull \hbox (badness 10000) in paragraph at lines 468--469

 []

</home/dearn/zdjecia/05318.jpg, id=121, 250.9375pt x 188.705pt>
File: /home/dearn/zdjecia/05318.jpg Graphic file (type jpg)
<use /home/dearn/zdjecia/05318.jpg>
Package pdftex.def Info: /home/dearn/zdjecia/05318.jpg  used on input line 474.

(pdftex.def)             Requested size: 200.21803pt x 150.56305pt.
File: /home/dearn/zdjecia/05318.jpg Graphic file (type jpg)
<use /home/dearn/zdjecia/05318.jpg>
Package pdftex.def Info: /home/dearn/zdjecia/05318.jpg  used on input line 474.

(pdftex.def)             Requested size: 200.21803pt x 150.56305pt.

Underfull \hbox (badness 10000) in paragraph at lines 474--475

 []


Underfull \hbox (badness 10000) in paragraph at lines 474--475

 []

</home/dearn/zdjecia/05327.jpg, id=122, 250.9375pt x 141.52875pt>
File: /home/dearn/zdjecia/05327.jpg Graphic file (type jpg)
<use /home/dearn/zdjecia/05327.jpg>
Package pdftex.def Info: /home/dearn/zdjecia/05327.jpg  used on input line 480.

(pdftex.def)             Requested size: 266.97652pt x 150.56305pt.
File: /home/dearn/zdjecia/05327.jpg Graphic file (type jpg)
<use /home/dearn/zdjecia/05327.jpg>
Package pdftex.def Info: /home/dearn/zdjecia/05327.jpg  used on input line 480.

(pdftex.def)             Requested size: 266.97652pt x 150.56305pt.

Overfull \hbox (15.96404pt too wide) in paragraph at lines 480--481
[]$[]$ 
 []


Underfull \hbox (badness 10000) in paragraph at lines 480--481

 []


Underfull \hbox (badness 10000) in paragraph at lines 480--481

 []

File: ./logo.jpg Graphic file (type jpg)
<use ./logo.jpg>
Package pdftex.def Info: ./logo.jpg  used on input line 481.
(pdftex.def)             Requested size: 57.06256pt x 30.11261pt.
[13 </home/dearn/zdjecia/05167.jpg> </home/dearn/zdjecia/05219.jpg> </home/dear
n/zdjecia/05240.jpg> </home/dearn/zdjecia/05296.jpg> </home/dearn/zdjecia/05299
.jpg> </home/dearn/zdjecia/05309.jpg>]
</home/dearn/zdjecia/05328.jpg, id=127, 250.9375pt x 141.52875pt>
File: /home/dearn/zdjecia/05328.jpg Graphic file (type jpg)
<use /home/dearn/zdjecia/05328.jpg>
Package pdftex.def Info: /home/dearn/zdjecia/05328.jpg  used on input line 486.

(pdftex.def)             Requested size: 266.97652pt x 150.56305pt.
File: /home/dearn/zdjecia/05328.jpg Graphic file (type jpg)
<use /home/dearn/zdjecia/05328.jpg>
Package pdftex.def Info: /home/dearn/zdjecia/05328.jpg  used on input line 486.

(pdftex.def)             Requested size: 266.97652pt x 150.56305pt.

Overfull \hbox (15.96404pt too wide) in paragraph at lines 486--487
[]$[]$ 
 []


Underfull \hbox (badness 10000) in paragraph at lines 486--487

 []


Underfull \hbox (badness 10000) in paragraph at lines 486--487

 []

File: /home/dearn/zdjecia/05328.jpg Graphic file (type jpg)
<use /home/dearn/zdjecia/05328.jpg>
Package pdftex.def Info: /home/dearn/zdjecia/05328.jpg  used on input line 492.

(pdftex.def)             Requested size: 266.97652pt x 150.56305pt.
File: /home/dearn/zdjecia/05328.jpg Graphic file (type jpg)
<use /home/dearn/zdjecia/05328.jpg>
Package pdftex.def Info: /home/dearn/zdjecia/05328.jpg  used on input line 492.

(pdftex.def)             Requested size: 266.97652pt x 150.56305pt.

Overfull \hbox (15.96404pt too wide) in paragraph at lines 492--493
[]$[]$ 
 []


Underfull \hbox (badness 10000) in paragraph at lines 492--493

 []


Underfull \hbox (badness 10000) in paragraph at lines 492--493

 []

</home/dearn/zdjecia/05329.jpg, id=128, 250.9375pt x 141.52875pt>
File: /home/dearn/zdjecia/05329.jpg Graphic file (type jpg)
<use /home/dearn/zdjecia/05329.jpg>
Package pdftex.def Info: /home/dearn/zdjecia/05329.jpg  used on input line 498.

(pdftex.def)             Requested size: 266.97652pt x 150.56305pt.
File: /home/dearn/zdjecia/05329.jpg Graphic file (type jpg)
<use /home/dearn/zdjecia/05329.jpg>
Package pdftex.def Info: /home/dearn/zdjecia/05329.jpg  used on input line 498.

(pdftex.def)             Requested size: 266.97652pt x 150.56305pt.

Overfull \hbox (15.96404pt too wide) in paragraph at lines 498--499
[]$[]$ 
 []


Underfull \hbox (badness 10000) in paragraph at lines 498--499

 []


Underfull \hbox (badness 10000) in paragraph at lines 498--499

 []

</home/dearn/zdjecia/05330.jpg, id=129, 250.9375pt x 141.52875pt>
File: /home/dearn/zdjecia/05330.jpg Graphic file (type jpg)
<use /home/dearn/zdjecia/05330.jpg>
Package pdftex.def Info: /home/dearn/zdjecia/05330.jpg  used on input line 504.

(pdftex.def)             Requested size: 266.97652pt x 150.56305pt.
File: /home/dearn/zdjecia/05330.jpg Graphic file (type jpg)
<use /home/dearn/zdjecia/05330.jpg>
Package pdftex.def Info: /home/dearn/zdjecia/05330.jpg  used on input line 504.

(pdftex.def)             Requested size: 266.97652pt x 150.56305pt.

Overfull \hbox (15.96404pt too wide) in paragraph at lines 504--505
[]$[]$ 
 []


Underfull \hbox (badness 10000) in paragraph at lines 504--505

 []


Underfull \hbox (badness 10000) in paragraph at lines 504--505

 []

</home/dearn/zdjecia/05332.jpg, id=130, 250.9375pt x 188.705pt>
File: /home/dearn/zdjecia/05332.jpg Graphic file (type jpg)
<use /home/dearn/zdjecia/05332.jpg>
Package pdftex.def Info: /home/dearn/zdjecia/05332.jpg  used on input line 510.

(pdftex.def)             Requested size: 200.21803pt x 150.56305pt.
File: /home/dearn/zdjecia/05332.jpg Graphic file (type jpg)
<use /home/dearn/zdjecia/05332.jpg>
Package pdftex.def Info: /home/dearn/zdjecia/05332.jpg  used on input line 510.

(pdftex.def)             Requested size: 200.21803pt x 150.56305pt.

Underfull \hbox (badness 10000) in paragraph at lines 510--511

 []


Underfull \hbox (badness 10000) in paragraph at lines 510--511

 []

</home/dearn/zdjecia/05333.jpg, id=131, 250.9375pt x 141.52875pt>
File: /home/dearn/zdjecia/05333.jpg Graphic file (type jpg)
<use /home/dearn/zdjecia/05333.jpg>
Package pdftex.def Info: /home/dearn/zdjecia/05333.jpg  used on input line 516.

(pdftex.def)             Requested size: 266.97652pt x 150.56305pt.
File: /home/dearn/zdjecia/05333.jpg Graphic file (type jpg)
<use /home/dearn/zdjecia/05333.jpg>
Package pdftex.def Info: /home/dearn/zdjecia/05333.jpg  used on input line 516.

(pdftex.def)             Requested size: 266.97652pt x 150.56305pt.

Overfull \hbox (15.96404pt too wide) in paragraph at lines 516--517
[]$[]$ 
 []


Underfull \hbox (badness 10000) in paragraph at lines 516--517

 []


Underfull \hbox (badness 10000) in paragraph at lines 516--517

 []

File: ./logo.jpg Graphic file (type jpg)
<use ./logo.jpg>
Package pdftex.def Info: ./logo.jpg  used on input line 517.
(pdftex.def)             Requested size: 57.06256pt x 30.11261pt.
[14 </home/dearn/zdjecia/05318.jpg> </home/dearn/zdjecia/05327.jpg> </home/dear
n/zdjecia/05328.jpg> </home/dearn/zdjecia/05329.jpg> </home/dearn/zdjecia/05330
.jpg>]
</home/dearn/zdjecia/05336.jpg, id=135, 250.9375pt x 141.52875pt>
File: /home/dearn/zdjecia/05336.jpg Graphic file (type jpg)
<use /home/dearn/zdjecia/05336.jpg>
Package pdftex.def Info: /home/dearn/zdjecia/05336.jpg  used on input line 522.

(pdftex.def)             Requested size: 266.97652pt x 150.56305pt.
File: /home/dearn/zdjecia/05336.jpg Graphic file (type jpg)
<use /home/dearn/zdjecia/05336.jpg>
Package pdftex.def Info: /home/dearn/zdjecia/05336.jpg  used on input line 522.

(pdftex.def)             Requested size: 266.97652pt x 150.56305pt.

Overfull \hbox (15.96404pt too wide) in paragraph at lines 522--523
[]$[]$ 
 []


Underfull \hbox (badness 10000) in paragraph at lines 522--523

 []


Underfull \hbox (badness 10000) in paragraph at lines 522--523

 []

</home/dearn/zdjecia/05340.jpg, id=136, 250.9375pt x 334.24875pt>
File: /home/dearn/zdjecia/05340.jpg Graphic file (type jpg)
<use /home/dearn/zdjecia/05340.jpg>
Package pdftex.def Info: /home/dearn/zdjecia/05340.jpg  used on input line 528.

(pdftex.def)             Requested size: 113.03952pt x 150.56305pt.
File: /home/dearn/zdjecia/05340.jpg Graphic file (type jpg)
<use /home/dearn/zdjecia/05340.jpg>
Package pdftex.def Info: /home/dearn/zdjecia/05340.jpg  used on input line 528.

(pdftex.def)             Requested size: 113.03952pt x 150.56305pt.

Underfull \hbox (badness 10000) in paragraph at lines 528--529

 []


Underfull \hbox (badness 10000) in paragraph at lines 528--529

 []

</home/dearn/zdjecia/05342.jpg, id=137, 250.9375pt x 334.24875pt>
File: /home/dearn/zdjecia/05342.jpg Graphic file (type jpg)
<use /home/dearn/zdjecia/05342.jpg>
Package pdftex.def Info: /home/dearn/zdjecia/05342.jpg  used on input line 534.

(pdftex.def)             Requested size: 113.03952pt x 150.56305pt.
File: /home/dearn/zdjecia/05342.jpg Graphic file (type jpg)
<use /home/dearn/zdjecia/05342.jpg>
Package pdftex.def Info: /home/dearn/zdjecia/05342.jpg  used on input line 534.

(pdftex.def)             Requested size: 113.03952pt x 150.56305pt.

Underfull \hbox (badness 10000) in paragraph at lines 534--535

 []


Underfull \hbox (badness 10000) in paragraph at lines 534--535

 []

</home/dearn/zdjecia/05345.jpg, id=138, 250.9375pt x 188.705pt>
File: /home/dearn/zdjecia/05345.jpg Graphic file (type jpg)
<use /home/dearn/zdjecia/05345.jpg>
Package pdftex.def Info: /home/dearn/zdjecia/05345.jpg  used on input line 540.

(pdftex.def)             Requested size: 200.21803pt x 150.56305pt.
File: /home/dearn/zdjecia/05345.jpg Graphic file (type jpg)
<use /home/dearn/zdjecia/05345.jpg>
Package pdftex.def Info: /home/dearn/zdjecia/05345.jpg  used on input line 540.

(pdftex.def)             Requested size: 200.21803pt x 150.56305pt.

Underfull \hbox (badness 10000) in paragraph at lines 540--541

 []


Underfull \hbox (badness 10000) in paragraph at lines 540--541

 []

</home/dearn/zdjecia/05347.jpg, id=139, 250.9375pt x 188.705pt>
File: /home/dearn/zdjecia/05347.jpg Graphic file (type jpg)
<use /home/dearn/zdjecia/05347.jpg>
Package pdftex.def Info: /home/dearn/zdjecia/05347.jpg  used on input line 546.

(pdftex.def)             Requested size: 200.21803pt x 150.56305pt.
File: /home/dearn/zdjecia/05347.jpg Graphic file (type jpg)
<use /home/dearn/zdjecia/05347.jpg>
Package pdftex.def Info: /home/dearn/zdjecia/05347.jpg  used on input line 546.

(pdftex.def)             Requested size: 200.21803pt x 150.56305pt.

Underfull \hbox (badness 10000) in paragraph at lines 546--547

 []


Underfull \hbox (badness 10000) in paragraph at lines 546--547

 []

</home/dearn/zdjecia/05350.jpg, id=140, 250.9375pt x 188.705pt>
File: /home/dearn/zdjecia/05350.jpg Graphic file (type jpg)
<use /home/dearn/zdjecia/05350.jpg>
Package pdftex.def Info: /home/dearn/zdjecia/05350.jpg  used on input line 552.

(pdftex.def)             Requested size: 200.21803pt x 150.56305pt.
File: /home/dearn/zdjecia/05350.jpg Graphic file (type jpg)
<use /home/dearn/zdjecia/05350.jpg>
Package pdftex.def Info: /home/dearn/zdjecia/05350.jpg  used on input line 552.

(pdftex.def)             Requested size: 200.21803pt x 150.56305pt.

Underfull \hbox (badness 10000) in paragraph at lines 552--553

 []


Underfull \hbox (badness 10000) in paragraph at lines 552--553

 []

File: ./logo.jpg Graphic file (type jpg)
<use ./logo.jpg>
Package pdftex.def Info: ./logo.jpg  used on input line 553.
(pdftex.def)             Requested size: 57.06256pt x 30.11261pt.
[15 </home/dearn/zdjecia/05332.jpg> </home/dearn/zdjecia/05333.jpg> </home/dear
n/zdjecia/05336.jpg> </home/dearn/zdjecia/05340.jpg> </home/dearn/zdjecia/05342
.jpg> </home/dearn/zdjecia/05345.jpg>]
</home/dearn/zdjecia/05351.jpg, id=144, 250.9375pt x 188.705pt>
File: /home/dearn/zdjecia/05351.jpg Graphic file (type jpg)
<use /home/dearn/zdjecia/05351.jpg>
Package pdftex.def Info: /home/dearn/zdjecia/05351.jpg  used on input line 558.

(pdftex.def)             Requested size: 200.21803pt x 150.56305pt.
File: /home/dearn/zdjecia/05351.jpg Graphic file (type jpg)
<use /home/dearn/zdjecia/05351.jpg>
Package pdftex.def Info: /home/dearn/zdjecia/05351.jpg  used on input line 558.

(pdftex.def)             Requested size: 200.21803pt x 150.56305pt.

Underfull \hbox (badness 10000) in paragraph at lines 558--559

 []


Underfull \hbox (badness 10000) in paragraph at lines 558--559

 []

</home/dearn/zdjecia/05355.jpg, id=145, 250.9375pt x 188.705pt>
File: /home/dearn/zdjecia/05355.jpg Graphic file (type jpg)
<use /home/dearn/zdjecia/05355.jpg>
Package pdftex.def Info: /home/dearn/zdjecia/05355.jpg  used on input line 564.

(pdftex.def)             Requested size: 200.21803pt x 150.56305pt.
File: /home/dearn/zdjecia/05355.jpg Graphic file (type jpg)
<use /home/dearn/zdjecia/05355.jpg>
Package pdftex.def Info: /home/dearn/zdjecia/05355.jpg  used on input line 564.

(pdftex.def)             Requested size: 200.21803pt x 150.56305pt.

Underfull \hbox (badness 10000) in paragraph at lines 564--565

 []


Underfull \hbox (badness 10000) in paragraph at lines 564--565

 []

</home/dearn/zdjecia/05360.jpg, id=146, 250.9375pt x 188.705pt>
File: /home/dearn/zdjecia/05360.jpg Graphic file (type jpg)
<use /home/dearn/zdjecia/05360.jpg>
Package pdftex.def Info: /home/dearn/zdjecia/05360.jpg  used on input line 570.

(pdftex.def)             Requested size: 200.21803pt x 150.56305pt.
File: /home/dearn/zdjecia/05360.jpg Graphic file (type jpg)
<use /home/dearn/zdjecia/05360.jpg>
Package pdftex.def Info: /home/dearn/zdjecia/05360.jpg  used on input line 570.

(pdftex.def)             Requested size: 200.21803pt x 150.56305pt.

Underfull \hbox (badness 10000) in paragraph at lines 570--571

 []


Underfull \hbox (badness 10000) in paragraph at lines 570--571

 []

</home/dearn/zdjecia/05376.jpg, id=147, 250.9375pt x 188.705pt>
File: /home/dearn/zdjecia/05376.jpg Graphic file (type jpg)
<use /home/dearn/zdjecia/05376.jpg>
Package pdftex.def Info: /home/dearn/zdjecia/05376.jpg  used on input line 576.

(pdftex.def)             Requested size: 200.21803pt x 150.56305pt.
File: /home/dearn/zdjecia/05376.jpg Graphic file (type jpg)
<use /home/dearn/zdjecia/05376.jpg>
Package pdftex.def Info: /home/dearn/zdjecia/05376.jpg  used on input line 576.

(pdftex.def)             Requested size: 200.21803pt x 150.56305pt.

Underfull \hbox (badness 10000) in paragraph at lines 576--577

 []


Underfull \hbox (badness 10000) in paragraph at lines 576--577

 []

</home/dearn/zdjecia/05391.jpg, id=148, 250.9375pt x 188.705pt>
File: /home/dearn/zdjecia/05391.jpg Graphic file (type jpg)
<use /home/dearn/zdjecia/05391.jpg>
Package pdftex.def Info: /home/dearn/zdjecia/05391.jpg  used on input line 582.

(pdftex.def)             Requested size: 200.21803pt x 150.56305pt.
File: /home/dearn/zdjecia/05391.jpg Graphic file (type jpg)
<use /home/dearn/zdjecia/05391.jpg>
Package pdftex.def Info: /home/dearn/zdjecia/05391.jpg  used on input line 582.

(pdftex.def)             Requested size: 200.21803pt x 150.56305pt.

Underfull \hbox (badness 10000) in paragraph at lines 582--583

 []


Underfull \hbox (badness 10000) in paragraph at lines 582--583

 []

</home/dearn/zdjecia/05393.jpg, id=149, 250.9375pt x 261.97874pt>
File: /home/dearn/zdjecia/05393.jpg Graphic file (type jpg)
<use /home/dearn/zdjecia/05393.jpg>
Package pdftex.def Info: /home/dearn/zdjecia/05393.jpg  used on input line 588.

(pdftex.def)             Requested size: 144.21901pt x 150.56305pt.
File: /home/dearn/zdjecia/05393.jpg Graphic file (type jpg)
<use /home/dearn/zdjecia/05393.jpg>
Package pdftex.def Info: /home/dearn/zdjecia/05393.jpg  used on input line 588.

(pdftex.def)             Requested size: 144.21901pt x 150.56305pt.

Underfull \hbox (badness 10000) in paragraph at lines 588--589

 []


Underfull \hbox (badness 10000) in paragraph at lines 588--589

 []

File: ./logo.jpg Graphic file (type jpg)
<use ./logo.jpg>
Package pdftex.def Info: ./logo.jpg  used on input line 589.
(pdftex.def)             Requested size: 57.06256pt x 30.11261pt.
[16 </home/dearn/zdjecia/05347.jpg> </home/dearn/zdjecia/05350.jpg> </home/dear
n/zdjecia/05351.jpg> </home/dearn/zdjecia/05355.jpg> </home/dearn/zdjecia/05360
.jpg> </home/dearn/zdjecia/05376.jpg>]
</home/dearn/zdjecia/05400.jpg, id=153, 250.9375pt x 334.24875pt>
File: /home/dearn/zdjecia/05400.jpg Graphic file (type jpg)
<use /home/dearn/zdjecia/05400.jpg>
Package pdftex.def Info: /home/dearn/zdjecia/05400.jpg  used on input line 594.

(pdftex.def)             Requested size: 113.03952pt x 150.56305pt.
File: /home/dearn/zdjecia/05400.jpg Graphic file (type jpg)
<use /home/dearn/zdjecia/05400.jpg>
Package pdftex.def Info: /home/dearn/zdjecia/05400.jpg  used on input line 594.

(pdftex.def)             Requested size: 113.03952pt x 150.56305pt.

Underfull \hbox (badness 10000) in paragraph at lines 594--595

 []


Underfull \hbox (badness 10000) in paragraph at lines 594--595

 []

File: /home/dearn/zdjecia/05400.jpg Graphic file (type jpg)
<use /home/dearn/zdjecia/05400.jpg>
Package pdftex.def Info: /home/dearn/zdjecia/05400.jpg  used on input line 600.

(pdftex.def)             Requested size: 113.03952pt x 150.56305pt.
File: /home/dearn/zdjecia/05400.jpg Graphic file (type jpg)
<use /home/dearn/zdjecia/05400.jpg>
Package pdftex.def Info: /home/dearn/zdjecia/05400.jpg  used on input line 600.

(pdftex.def)             Requested size: 113.03952pt x 150.56305pt.
)
Underfull \hbox (badness 10000) in paragraph at lines 600--33

 []


Underfull \hbox (badness 10000) in paragraph at lines 600--33

 []

File: ./logo.jpg Graphic file (type jpg)
<use ./logo.jpg>
Package pdftex.def Info: ./logo.jpg  used on input line 33.
(pdftex.def)             Requested size: 57.06256pt x 30.11261pt.
[17 </home/dearn/zdjecia/05391.jpg> </home/dearn/zdjecia/05393.jpg> </home/dear
n/zdjecia/05400.jpg>] (./test.aux (./insider.aux)) ) 
Here is how much of TeX's memory you used:
 4893 strings out of 492982
 73448 string characters out of 6138580
 239076 words of memory out of 5000000
 8240 multiletter control sequences out of 15000+600000
 7819 words of font info for 25 fonts, out of 8000000 for 9000
 1141 hyphenation exceptions out of 8191
 41i,13n,68p,271b,532s stack positions out of 5000i,500n,10000p,200000b,80000s
{/usr/share/texmf-dist/font
s/enc/dvips/pl/plrm.enc}</usr/share/texmf-dist/fonts/type1/public/pl/plbx10.pfb
></usr/share/texmf-dist/fonts/type1/public/pl/plr10.pfb>
Output written on test.pdf (17 pages, 2706137 bytes).
PDF statistics:
 167 PDF objects out of 1000 (max. 8388607)
 46 compressed objects within 1 object stream
 0 named destinations out of 1000 (max. 500000)
 496 words of extra memory for PDF output out of 10000 (max. 10000000)

